Component: Arm Compiler for Embedded 6.23 Tool: armlink [5f102400]

==============================================================================

Section Cross References

    startup_stm32c011xx.o(STACK) refers (Special) to heapauxi.o(.text) for __use_two_region_memory
    startup_stm32c011xx.o(HEAP) refers (Special) to heapauxi.o(.text) for __use_two_region_memory
    startup_stm32c011xx.o(RESET) refers (Special) to heapauxi.o(.text) for __use_two_region_memory
    startup_stm32c011xx.o(RESET) refers to startup_stm32c011xx.o(STACK) for __initial_sp
    startup_stm32c011xx.o(RESET) refers to startup_stm32c011xx.o(.text) for Reset_Handler
    startup_stm32c011xx.o(RESET) refers to stm32c0xx_it.o(.text.NMI_Handler) for NMI_Handler
    startup_stm32c011xx.o(RESET) refers to stm32c0xx_it.o(.text.HardFault_Handler) for HardFault_Handler
    startup_stm32c011xx.o(RESET) refers to stm32c0xx_it.o(.text.SVC_Handler) for SVC_Handler
    startup_stm32c011xx.o(RESET) refers to stm32c0xx_it.o(.text.PendSV_Handler) for PendSV_Handler
    startup_stm32c011xx.o(RESET) refers to stm32c0xx_it.o(.text.SysTick_Handler) for SysTick_Handler
    startup_stm32c011xx.o(RESET) refers to stm32c0xx_it.o(.text.EXTI4_15_IRQHandler) for EXTI4_15_IRQHandler
    startup_stm32c011xx.o(RESET) refers to stm32c0xx_it.o(.text.TIM17_IRQHandler) for TIM17_IRQHandler
    startup_stm32c011xx.o(.text) refers (Special) to heapauxi.o(.text) for __use_two_region_memory
    startup_stm32c011xx.o(.text) refers to system_stm32c0xx.o(.text.SystemInit) for SystemInit
    startup_stm32c011xx.o(.text) refers to __main.o(!!!main) for __main
    startup_stm32c011xx.o(.text) refers to startup_stm32c011xx.o(HEAP) for Heap_Mem
    startup_stm32c011xx.o(.text) refers to startup_stm32c011xx.o(STACK) for Stack_Mem
    trapezoidal_control.o(.text.step0) refers to stm32c0xx_hal_gpio.o(.text.HAL_GPIO_WritePin) for HAL_GPIO_WritePin
    trapezoidal_control.o(.text.step0) refers to stm32c0xx_hal_tim.o(.text.HAL_TIM_PWM_Stop) for HAL_TIM_PWM_Stop
    trapezoidal_control.o(.text.step0) refers to delay_us.o(.text.delay_us) for delay_us
    trapezoidal_control.o(.text.step0) refers to stm32c0xx_hal_tim.o(.text.HAL_TIM_PWM_Start) for HAL_TIM_PWM_Start
    trapezoidal_control.o(.text.step0) refers to main.o(.bss.htim1) for htim1
    trapezoidal_control.o(.ARM.exidx.text.step0) refers to trapezoidal_control.o(.text.step0) for [Anonymous Symbol]
    trapezoidal_control.o(.text.step1) refers to stm32c0xx_hal_gpio.o(.text.HAL_GPIO_WritePin) for HAL_GPIO_WritePin
    trapezoidal_control.o(.text.step1) refers to stm32c0xx_hal_tim.o(.text.HAL_TIM_PWM_Stop) for HAL_TIM_PWM_Stop
    trapezoidal_control.o(.text.step1) refers to delay_us.o(.text.delay_us) for delay_us
    trapezoidal_control.o(.text.step1) refers to stm32c0xx_hal_tim.o(.text.HAL_TIM_PWM_Start) for HAL_TIM_PWM_Start
    trapezoidal_control.o(.text.step1) refers to main.o(.bss.htim1) for htim1
    trapezoidal_control.o(.ARM.exidx.text.step1) refers to trapezoidal_control.o(.text.step1) for [Anonymous Symbol]
    trapezoidal_control.o(.text.step2) refers to stm32c0xx_hal_gpio.o(.text.HAL_GPIO_WritePin) for HAL_GPIO_WritePin
    trapezoidal_control.o(.text.step2) refers to stm32c0xx_hal_tim.o(.text.HAL_TIM_PWM_Stop) for HAL_TIM_PWM_Stop
    trapezoidal_control.o(.text.step2) refers to delay_us.o(.text.delay_us) for delay_us
    trapezoidal_control.o(.text.step2) refers to stm32c0xx_hal_tim.o(.text.HAL_TIM_PWM_Start) for HAL_TIM_PWM_Start
    trapezoidal_control.o(.text.step2) refers to main.o(.bss.htim1) for htim1
    trapezoidal_control.o(.ARM.exidx.text.step2) refers to trapezoidal_control.o(.text.step2) for [Anonymous Symbol]
    trapezoidal_control.o(.text.step3) refers to stm32c0xx_hal_gpio.o(.text.HAL_GPIO_WritePin) for HAL_GPIO_WritePin
    trapezoidal_control.o(.text.step3) refers to stm32c0xx_hal_tim.o(.text.HAL_TIM_PWM_Stop) for HAL_TIM_PWM_Stop
    trapezoidal_control.o(.text.step3) refers to delay_us.o(.text.delay_us) for delay_us
    trapezoidal_control.o(.text.step3) refers to stm32c0xx_hal_tim.o(.text.HAL_TIM_PWM_Start) for HAL_TIM_PWM_Start
    trapezoidal_control.o(.text.step3) refers to main.o(.bss.htim1) for htim1
    trapezoidal_control.o(.ARM.exidx.text.step3) refers to trapezoidal_control.o(.text.step3) for [Anonymous Symbol]
    trapezoidal_control.o(.text.step4) refers to stm32c0xx_hal_gpio.o(.text.HAL_GPIO_WritePin) for HAL_GPIO_WritePin
    trapezoidal_control.o(.text.step4) refers to stm32c0xx_hal_tim.o(.text.HAL_TIM_PWM_Stop) for HAL_TIM_PWM_Stop
    trapezoidal_control.o(.text.step4) refers to delay_us.o(.text.delay_us) for delay_us
    trapezoidal_control.o(.text.step4) refers to stm32c0xx_hal_tim.o(.text.HAL_TIM_PWM_Start) for HAL_TIM_PWM_Start
    trapezoidal_control.o(.text.step4) refers to main.o(.bss.htim1) for htim1
    trapezoidal_control.o(.ARM.exidx.text.step4) refers to trapezoidal_control.o(.text.step4) for [Anonymous Symbol]
[...]
    Removing stm32c0xx_hal_tim.o(.text.HAL_TIM_IC_Stop_DMA), (212 bytes).
    Removing stm32c0xx_hal_tim.o(.ARM.exidx.text.HAL_TIM_IC_Stop_DMA), (8 bytes).
    Removing stm32c0xx_hal_tim.o(.text.HAL_TIM_OnePulse_Init), (228 bytes).
    Removing stm32c0xx_hal_tim.o(.ARM.exidx.text.HAL_TIM_OnePulse_Init), (8 bytes).
    Removing stm32c0xx_hal_tim.o(.text.HAL_TIM_OnePulse_MspInit), (2 bytes).
    Removing stm32c0xx_hal_tim.o(.ARM.exidx.text.HAL_TIM_OnePulse_MspInit), (8 bytes).
    Removing stm32c0xx_hal_tim.o(.text.HAL_TIM_OnePulse_DeInit), (68 bytes).
    Removing stm32c0xx_hal_tim.o(.ARM.exidx.text.HAL_TIM_OnePulse_DeInit), (8 bytes).
    Removing stm32c0xx_hal_tim.o(.text.HAL_TIM_OnePulse_MspDeInit), (2 bytes).
    Removing stm32c0xx_hal_tim.o(.ARM.exidx.text.HAL_TIM_OnePulse_MspDeInit), (8 bytes).
    Removing stm32c0xx_hal_tim.o(.text.HAL_TIM_OnePulse_Start), (120 bytes).
    Removing stm32c0xx_hal_tim.o(.ARM.exidx.text.HAL_TIM_OnePulse_Start), (8 bytes).
    Removing stm32c0xx_hal_tim.o(.text.HAL_TIM_OnePulse_Stop), (136 bytes).
    Removing stm32c0xx_hal_tim.o(.ARM.exidx.text.HAL_TIM_OnePulse_Stop), (8 bytes).
    Removing stm32c0xx_hal_tim.o(.text.HAL_TIM_OnePulse_Start_IT), (136 bytes).
    Removing stm32c0xx_hal_tim.o(.ARM.exidx.text.HAL_TIM_OnePulse_Start_IT), (8 bytes).
    Removing stm32c0xx_hal_tim.o(.text.HAL_TIM_OnePulse_Stop_IT), (152 bytes).
    Removing stm32c0xx_hal_tim.o(.ARM.exidx.text.HAL_TIM_OnePulse_Stop_IT), (8 bytes).
    Removing stm32c0xx_hal_tim.o(.text.HAL_TIM_Encoder_Init), (308 bytes).
    Removing stm32c0xx_hal_tim.o(.ARM.exidx.text.HAL_TIM_Encoder_Init), (8 bytes).
    Removing stm32c0xx_hal_tim.o(.text.HAL_TIM_Encoder_MspInit), (2 bytes).
    Removing stm32c0xx_hal_tim.o(.ARM.exidx.text.HAL_TIM_Encoder_MspInit), (8 bytes).
    Removing stm32c0xx_hal_tim.o(.text.HAL_TIM_Encoder_DeInit), (68 bytes).
    Removing stm32c0xx_hal_tim.o(.ARM.exidx.text.HAL_TIM_Encoder_DeInit), (8 bytes).
    Removing stm32c0xx_hal_tim.o(.text.HAL_TIM_Encoder_MspDeInit), (2 bytes).
    Removing stm32c0xx_hal_tim.o(.ARM.exidx.text.HAL_TIM_Encoder_MspDeInit), (8 bytes).
    Removing stm32c0xx_hal_tim.o(.text.HAL_TIM_Encoder_Start), (210 bytes).
    Removing stm32c0xx_hal_tim.o(.ARM.exidx.text.HAL_TIM_Encoder_Start), (8 bytes).
    Removing stm32c0xx_hal_tim.o(.text.HAL_TIM_Encoder_Stop), (120 bytes).
    Removing stm32c0xx_hal_tim.o(.ARM.exidx.text.HAL_TIM_Encoder_Stop), (8 bytes).
    Removing stm32c0xx_hal_tim.o(.text.HAL_TIM_Encoder_Start_IT), (244 bytes).
    Removing stm32c0xx_hal_tim.o(.ARM.exidx.text.HAL_TIM_Encoder_Start_IT), (8 bytes).
    Removing stm32c0xx_hal_tim.o(.text.HAL_TIM_Encoder_Stop_IT), (184 bytes).
    Removing stm32c0xx_hal_tim.o(.ARM.exidx.text.HAL_TIM_Encoder_Stop_IT), (8 bytes).
    Removing stm32c0xx_hal_tim.o(.text.HAL_TIM_Encoder_Start_DMA), (560 bytes).
    Removing stm32c0xx_hal_tim.o(.ARM.exidx.text.HAL_TIM_Encoder_Start_DMA), (8 bytes).
    Removing stm32c0xx_hal_tim.o(.text.HAL_TIM_Encoder_Stop_DMA), (212 bytes).
    Removing stm32c0xx_hal_tim.o(.ARM.exidx.text.HAL_TIM_Encoder_Stop_DMA), (8 bytes).
    Removing stm32c0xx_hal_tim.o(.ARM.exidx.text.HAL_TIM_IRQHandler), (8 bytes).
    Removing stm32c0xx_hal_tim.o(.ARM.exidx.text.HAL_TIM_IC_CaptureCallback), (8 bytes).
    Removing stm32c0xx_hal_tim.o(.ARM.exidx.text.HAL_TIM_OC_DelayElapsedCallback), (8 bytes).
    Removing stm32c0xx_hal_tim.o(.ARM.exidx.text.HAL_TIM_PWM_PulseFinishedCallback), (8 bytes).
    Removing stm32c0xx_hal_tim.o(.text.HAL_TIM_PeriodElapsedCallback), (2 bytes).
    Removing stm32c0xx_hal_tim.o(.ARM.exidx.text.HAL_TIM_PeriodElapsedCallback), (8 bytes).
    Removing stm32c0xx_hal_tim.o(.ARM.exidx.text.HAL_TIM_TriggerCallback), (8 bytes).
    Removing stm32c0xx_hal_tim.o(.text.HAL_TIM_OC_ConfigChannel), (728 bytes).
    Removing stm32c0xx_hal_tim.o(.ARM.exidx.text.HAL_TIM_OC_ConfigChannel), (8 bytes).
    Removing stm32c0xx_hal_tim.o(.text.TIM_OC2_SetConfig), (136 bytes).
    Removing stm32c0xx_hal_tim.o(.ARM.exidx.text.TIM_OC2_SetConfig), (8 bytes).
    Removing stm32c0xx_hal_tim.o(.text.HAL_TIM_IC_ConfigChannel), (384 bytes).
    Removing stm32c0xx_hal_tim.o(.ARM.exidx.text.HAL_TIM_IC_ConfigChannel), (8 bytes).
    Removing stm32c0xx_hal_tim.o(.text.TIM_TI1_SetConfig), (68 bytes).
    Removing stm32c0xx_hal_tim.o(.ARM.exidx.text.TIM_TI1_SetConfig), (8 bytes).
    Removing stm32c0xx_hal_tim.o(.ARM.exidx.text.HAL_TIM_PWM_ConfigChannel), (8 bytes).
    Removing stm32c0xx_hal_tim.o(.text.HAL_TIM_OnePulse_ConfigChannel), (536 bytes).
    Removing stm32c0xx_hal_tim.o(.ARM.exidx.text.HAL_TIM_OnePulse_ConfigChannel), (8 bytes).
    Removing stm32c0xx_hal_tim.o(.text.HAL_TIM_DMABurst_WriteStart), (22 bytes).
    Removing stm32c0xx_hal_tim.o(.ARM.exidx.text.HAL_TIM_DMABurst_WriteStart), (8 bytes).
    Removing stm32c0xx_hal_tim.o(.text.HAL_TIM_DMABurst_MultiWriteStart), (364 bytes).
    Removing stm32c0xx_hal_tim.o(.ARM.exidx.text.HAL_TIM_DMABurst_MultiWriteStart), (8 bytes).
    Removing stm32c0xx_hal_tim.o(.text.TIM_DMATriggerCplt), (30 bytes).
    Removing stm32c0xx_hal_tim.o(.ARM.exidx.text.TIM_DMATriggerCplt), (8 bytes).
    Removing stm32c0xx_hal_tim.o(.text.TIM_DMATriggerHalfCplt), (10 bytes).
    Removing stm32c0xx_hal_tim.o(.ARM.exidx.text.TIM_DMATriggerHalfCplt), (8 bytes).
    Removing stm32c0xx_hal_tim.o(.text.HAL_TIM_DMABurst_WriteStop), (128 bytes).
    Removing stm32c0xx_hal_tim.o(.ARM.exidx.text.HAL_TIM_DMABurst_WriteStop), (8 bytes).
    Removing stm32c0xx_hal_tim.o(.text.HAL_TIM_DMABurst_ReadStart), (22 bytes).
    Removing stm32c0xx_hal_tim.o(.ARM.exidx.text.HAL_TIM_DMABurst_ReadStart), (8 bytes).
    Removing stm32c0xx_hal_tim.o(.text.HAL_TIM_DMABurst_MultiReadStart), (364 bytes).
    Removing stm32c0xx_hal_tim.o(.ARM.exidx.text.HAL_TIM_DMABurst_MultiReadStart), (8 bytes).
    Removing stm32c0xx_hal_tim.o(.text.HAL_TIM_DMABurst_ReadStop), (128 bytes).
    Removing stm32c0xx_hal_tim.o(.ARM.exidx.text.HAL_TIM_DMABurst_ReadStop), (8 bytes).
    Removing stm32c0xx_hal_tim.o(.text.HAL_TIM_GenerateEvent), (34 bytes).
    Removing stm32c0xx_hal_tim.o(.ARM.exidx.text.HAL_TIM_GenerateEvent), (8 bytes).
    Removing stm32c0xx_hal_tim.o(.text.HAL_TIM_ConfigOCrefClear), (272 bytes).
    Removing stm32c0xx_hal_tim.o(.ARM.exidx.text.HAL_TIM_ConfigOCrefClear), (8 bytes).
    Removing stm32c0xx_hal_tim.o(.text.TIM_ETR_SetConfig), (22 bytes).
    Removing stm32c0xx_hal_tim.o(.ARM.exidx.text.TIM_ETR_SetConfig), (8 bytes).
    Removing stm32c0xx_hal_tim.o(.ARM.exidx.text.HAL_TIM_ConfigClockSource), (8 bytes).
    Removing stm32c0xx_hal_tim.o(.text.HAL_TIM_ConfigTI1Input), (16 bytes).
    Removing stm32c0xx_hal_tim.o(.ARM.exidx.text.HAL_TIM_ConfigTI1Input), (8 bytes).
    Removing stm32c0xx_hal_tim.o(.text.HAL_TIM_SlaveConfigSynchro), (76 bytes).
    Removing stm32c0xx_hal_tim.o(.ARM.exidx.text.HAL_TIM_SlaveConfigSynchro), (8 bytes).
    Removing stm32c0xx_hal_tim.o(.text.TIM_SlaveTimer_SetConfig), (200 bytes).
    Removing stm32c0xx_hal_tim.o(.ARM.exidx.text.TIM_SlaveTimer_SetConfig), (8 bytes).
    Removing stm32c0xx_hal_tim.o(.text.HAL_TIM_SlaveConfigSynchro_IT), (76 bytes).
    Removing stm32c0xx_hal_tim.o(.ARM.exidx.text.HAL_TIM_SlaveConfigSynchro_IT), (8 bytes).
    Removing stm32c0xx_hal_tim.o(.text.HAL_TIM_ReadCapturedValue), (22 bytes).
    Removing stm32c0xx_hal_tim.o(.ARM.exidx.text.HAL_TIM_ReadCapturedValue), (8 bytes).
    Removing stm32c0xx_hal_tim.o(.text.HAL_TIM_PeriodElapsedHalfCpltCallback), (2 bytes).
    Removing stm32c0xx_hal_tim.o(.ARM.exidx.text.HAL_TIM_PeriodElapsedHalfCpltCallback), (8 bytes).
    Removing stm32c0xx_hal_tim.o(.text.HAL_TIM_IC_CaptureHalfCpltCallback), (2 bytes).
    Removing stm32c0xx_hal_tim.o(.ARM.exidx.text.HAL_TIM_IC_CaptureHalfCpltCallback), (8 bytes).
    Removing stm32c0xx_hal_tim.o(.text.HAL_TIM_PWM_PulseFinishedHalfCpltCallback), (2 bytes).
    Removing stm32c0xx_hal_tim.o(.ARM.exidx.text.HAL_TIM_PWM_PulseFinishedHalfCpltCallback), (8 bytes).
    Removing stm32c0xx_hal_tim.o(.text.HAL_TIM_TriggerHalfCpltCallback), (2 bytes).
    Removing stm32c0xx_hal_tim.o(.ARM.exidx.text.HAL_TIM_TriggerHalfCpltCallback), (8 bytes).
    Removing stm32c0xx_hal_tim.o(.text.HAL_TIM_ErrorCallback), (2 bytes).
    Removing stm32c0xx_hal_tim.o(.ARM.exidx.text.HAL_TIM_ErrorCallback), (8 bytes).
    Removing stm32c0xx_hal_tim.o(.text.HAL_TIM_Base_GetState), (6 bytes).
    Removing stm32c0xx_hal_tim.o(.ARM.exidx.text.HAL_TIM_Base_GetState), (8 bytes).
    Removing stm32c0xx_hal_tim.o(.text.HAL_TIM_OC_GetState), (6 bytes).
    Removing stm32c0xx_hal_tim.o(.ARM.exidx.text.HAL_TIM_OC_GetState), (8 bytes).
    Removing stm32c0xx_hal_tim.o(.text.HAL_TIM_PWM_GetState), (6 bytes).
    Removing stm32c0xx_hal_tim.o(.ARM.exidx.text.HAL_TIM_PWM_GetState), (8 bytes).
    Removing stm32c0xx_hal_tim.o(.text.HAL_TIM_IC_GetState), (6 bytes).
    Removing stm32c0xx_hal_tim.o(.ARM.exidx.text.HAL_TIM_IC_GetState), (8 bytes).
    Removing stm32c0xx_hal_tim.o(.text.HAL_TIM_OnePulse_GetState), (6 bytes).
    Removing stm32c0xx_hal_tim.o(.ARM.exidx.text.HAL_TIM_OnePulse_GetState), (8 bytes).
    Removing stm32c0xx_hal_tim.o(.text.HAL_TIM_Encoder_GetState), (6 bytes).
    Removing stm32c0xx_hal_tim.o(.ARM.exidx.text.HAL_TIM_Encoder_GetState), (8 bytes).
    Removing stm32c0xx_hal_tim.o(.text.HAL_TIM_GetActiveChannel), (4 bytes).
    Removing stm32c0xx_hal_tim.o(.ARM.exidx.text.HAL_TIM_GetActiveChannel), (8 bytes).
    Removing stm32c0xx_hal_tim.o(.text.HAL_TIM_GetChannelState), (20 bytes).
    Removing stm32c0xx_hal_tim.o(.ARM.exidx.text.HAL_TIM_GetChannelState), (8 bytes).
    Removing stm32c0xx_hal_tim.o(.text.HAL_TIM_DMABurstState), (6 bytes).
    Removing stm32c0xx_hal_tim.o(.ARM.exidx.text.HAL_TIM_DMABurstState), (8 bytes).
    Removing stm32c0xx_hal_tim.o(.rodata.cst16), (48 bytes).
    Removing stm32c0xx_hal_tim_ex.o(.text), (0 bytes).
    Removing stm32c0xx_hal_tim_ex.o(.text.HAL_TIMEx_HallSensor_Init), (196 bytes).
    Removing stm32c0xx_hal_tim_ex.o(.ARM.exidx.text.HAL_TIMEx_HallSensor_Init), (8 bytes).
    Removing stm32c0xx_hal_tim_ex.o(.text.HAL_TIMEx_HallSensor_MspInit), (2 bytes).
    Removing stm32c0xx_hal_tim_ex.o(.ARM.exidx.text.HAL_TIMEx_HallSensor_MspInit), (8 bytes).
    Removing stm32c0xx_hal_tim_ex.o(.text.HAL_TIMEx_HallSensor_DeInit), (68 bytes).
    Removing stm32c0xx_hal_tim_ex.o(.ARM.exidx.text.HAL_TIMEx_HallSensor_DeInit), (8 bytes).
    Removing stm32c0xx_hal_tim_ex.o(.text.HAL_TIMEx_HallSensor_MspDeInit), (2 bytes).
    Removing stm32c0xx_hal_tim_ex.o(.ARM.exidx.text.HAL_TIMEx_HallSensor_MspDeInit), (8 bytes).
    Removing stm32c0xx_hal_tim_ex.o(.text.HAL_TIMEx_HallSensor_Start), (116 bytes).
    Removing stm32c0xx_hal_tim_ex.o(.ARM.exidx.text.HAL_TIMEx_HallSensor_Start), (8 bytes).
    Removing stm32c0xx_hal_tim_ex.o(.text.HAL_TIMEx_HallSensor_Stop), (64 bytes).
    Removing stm32c0xx_hal_tim_ex.o(.ARM.exidx.text.HAL_TIMEx_HallSensor_Stop), (8 bytes).
    Removing stm32c0xx_hal_tim_ex.o(.text.HAL_TIMEx_HallSensor_Start_IT), (124 bytes).
    Removing stm32c0xx_hal_tim_ex.o(.ARM.exidx.text.HAL_TIMEx_HallSensor_Start_IT), (8 bytes).
    Removing stm32c0xx_hal_tim_ex.o(.text.HAL_TIMEx_HallSensor_Stop_IT), (72 bytes).
    Removing stm32c0xx_hal_tim_ex.o(.ARM.exidx.text.HAL_TIMEx_HallSensor_Stop_IT), (8 bytes).
    Removing stm32c0xx_hal_tim_ex.o(.text.HAL_TIMEx_HallSensor_Start_DMA), (196 bytes).
    Removing stm32c0xx_hal_tim_ex.o(.ARM.exidx.text.HAL_TIMEx_HallSensor_Start_DMA), (8 bytes).
    Removing stm32c0xx_hal_tim_ex.o(.text.HAL_TIMEx_HallSensor_Stop_DMA), (84 bytes).
    Removing stm32c0xx_hal_tim_ex.o(.ARM.exidx.text.HAL_TIMEx_HallSensor_Stop_DMA), (8 bytes).
    Removing stm32c0xx_hal_tim_ex.o(.text.HAL_TIMEx_OCN_Start), (168 bytes).
    Removing stm32c0xx_hal_tim_ex.o(.ARM.exidx.text.HAL_TIMEx_OCN_Start), (8 bytes).
    Removing stm32c0xx_hal_tim_ex.o(.text.HAL_TIMEx_OCN_Stop), (132 bytes).
    Removing stm32c0xx_hal_tim_ex.o(.ARM.exidx.text.HAL_TIMEx_OCN_Stop), (8 bytes).
    Removing stm32c0xx_hal_tim_ex.o(.text.HAL_TIMEx_OCN_Start_IT), (208 bytes).
    Removing stm32c0xx_hal_tim_ex.o(.ARM.exidx.text.HAL_TIMEx_OCN_Start_IT), (8 bytes).
    Removing stm32c0xx_hal_tim_ex.o(.text.HAL_TIMEx_OCN_Stop_IT), (184 bytes).
    Removing stm32c0xx_hal_tim_ex.o(.ARM.exidx.text.HAL_TIMEx_OCN_Stop_IT), (8 bytes).
    Removing stm32c0xx_hal_tim_ex.o(.text.HAL_TIMEx_OCN_Start_DMA), (388 bytes).
    Removing stm32c0xx_hal_tim_ex.o(.ARM.exidx.text.HAL_TIMEx_OCN_Start_DMA), (8 bytes).
    Removing stm32c0xx_hal_tim_ex.o(.text.TIM_DMADelayPulseNCplt), (82 bytes).
    Removing stm32c0xx_hal_tim_ex.o(.ARM.exidx.text.TIM_DMADelayPulseNCplt), (8 bytes).
    Removing stm32c0xx_hal_tim_ex.o(.text.TIM_DMAErrorCCxN), (60 bytes).
    Removing stm32c0xx_hal_tim_ex.o(.ARM.exidx.text.TIM_DMAErrorCCxN), (8 bytes).
    Removing stm32c0xx_hal_tim_ex.o(.text.HAL_TIMEx_OCN_Stop_DMA), (184 bytes).
    Removing stm32c0xx_hal_tim_ex.o(.ARM.exidx.text.HAL_TIMEx_OCN_Stop_DMA), (8 bytes).
    Removing stm32c0xx_hal_tim_ex.o(.text.HAL_TIMEx_PWMN_Start), (168 bytes).
    Removing stm32c0xx_hal_tim_ex.o(.ARM.exidx.text.HAL_TIMEx_PWMN_Start), (8 bytes).
    Removing stm32c0xx_hal_tim_ex.o(.text.HAL_TIMEx_PWMN_Stop), (132 bytes).
    Removing stm32c0xx_hal_tim_ex.o(.ARM.exidx.text.HAL_TIMEx_PWMN_Stop), (8 bytes).
    Removing stm32c0xx_hal_tim_ex.o(.text.HAL_TIMEx_PWMN_Start_IT), (208 bytes).
    Removing stm32c0xx_hal_tim_ex.o(.ARM.exidx.text.HAL_TIMEx_PWMN_Start_IT), (8 bytes).
    Removing stm32c0xx_hal_tim_ex.o(.text.HAL_TIMEx_PWMN_Stop_IT), (184 bytes).
    Removing stm32c0xx_hal_tim_ex.o(.ARM.exidx.text.HAL_TIMEx_PWMN_Stop_IT), (8 bytes).
    Removing stm32c0xx_hal_tim_ex.o(.text.HAL_TIMEx_PWMN_Start_DMA), (388 bytes).
    Removing stm32c0xx_hal_tim_ex.o(.ARM.exidx.text.HAL_TIMEx_PWMN_Start_DMA), (8 bytes).
    Removing stm32c0xx_hal_tim_ex.o(.text.HAL_TIMEx_PWMN_Stop_DMA), (184 bytes).
    Removing stm32c0xx_hal_tim_ex.o(.ARM.exidx.text.HAL_TIMEx_PWMN_Stop_DMA), (8 bytes).
    Removing stm32c0xx_hal_tim_ex.o(.text.HAL_TIMEx_OnePulseN_Start), (102 bytes).
    Removing stm32c0xx_hal_tim_ex.o(.ARM.exidx.text.HAL_TIMEx_OnePulseN_Start), (8 bytes).
    Removing stm32c0xx_hal_tim_ex.o(.text.HAL_TIMEx_OnePulseN_Stop), (120 bytes).
    Removing stm32c0xx_hal_tim_ex.o(.ARM.exidx.text.HAL_TIMEx_OnePulseN_Stop), (8 bytes).
    Removing stm32c0xx_hal_tim_ex.o(.text.HAL_TIMEx_OnePulseN_Start_IT), (114 bytes).
    Removing stm32c0xx_hal_tim_ex.o(.ARM.exidx.text.HAL_TIMEx_OnePulseN_Start_IT), (8 bytes).
    Removing stm32c0xx_hal_tim_ex.o(.text.HAL_TIMEx_OnePulseN_Stop_IT), (136 bytes).
    Removing stm32c0xx_hal_tim_ex.o(.ARM.exidx.text.HAL_TIMEx_OnePulseN_Stop_IT), (8 bytes).
    Removing stm32c0xx_hal_tim_ex.o(.text.HAL_TIMEx_ConfigCommutEvent), (92 bytes).
    Removing stm32c0xx_hal_tim_ex.o(.ARM.exidx.text.HAL_TIMEx_ConfigCommutEvent), (8 bytes).
    Removing stm32c0xx_hal_tim_ex.o(.text.HAL_TIMEx_ConfigCommutEvent_IT), (92 bytes).
    Removing stm32c0xx_hal_tim_ex.o(.ARM.exidx.text.HAL_TIMEx_ConfigCommutEvent_IT), (8 bytes).
    Removing stm32c0xx_hal_tim_ex.o(.text.HAL_TIMEx_ConfigCommutEvent_DMA), (124 bytes).
    Removing stm32c0xx_hal_tim_ex.o(.ARM.exidx.text.HAL_TIMEx_ConfigCommutEvent_DMA), (8 bytes).
    Removing stm32c0xx_hal_tim_ex.o(.text.TIMEx_DMACommutationCplt), (16 bytes).
    Removing stm32c0xx_hal_tim_ex.o(.ARM.exidx.text.TIMEx_DMACommutationCplt), (8 bytes).
    Removing stm32c0xx_hal_tim_ex.o(.text.TIMEx_DMACommutationHalfCplt), (16 bytes).
    Removing stm32c0xx_hal_tim_ex.o(.ARM.exidx.text.TIMEx_DMACommutationHalfCplt), (8 bytes).
    Removing stm32c0xx_hal_tim_ex.o(.ARM.exidx.text.HAL_TIMEx_MasterConfigSynchronization), (8 bytes).
    Removing stm32c0xx_hal_tim_ex.o(.ARM.exidx.text.HAL_TIMEx_ConfigBreakDeadTime), (8 bytes).
    Removing stm32c0xx_hal_tim_ex.o(.text.HAL_TIMEx_ConfigBreakInput), (106 bytes).
    Removing stm32c0xx_hal_tim_ex.o(.ARM.exidx.text.HAL_TIMEx_ConfigBreakInput), (8 bytes).
    Removing stm32c0xx_hal_tim_ex.o(.text.HAL_TIMEx_RemapConfig), (40 bytes).
    Removing stm32c0xx_hal_tim_ex.o(.ARM.exidx.text.HAL_TIMEx_RemapConfig), (8 bytes).
    Removing stm32c0xx_hal_tim_ex.o(.text.HAL_TIMEx_TISelection), (76 bytes).
    Removing stm32c0xx_hal_tim_ex.o(.ARM.exidx.text.HAL_TIMEx_TISelection), (8 bytes).
    Removing stm32c0xx_hal_tim_ex.o(.text.HAL_TIMEx_GroupChannel5), (50 bytes).
    Removing stm32c0xx_hal_tim_ex.o(.ARM.exidx.text.HAL_TIMEx_GroupChannel5), (8 bytes).
    Removing stm32c0xx_hal_tim_ex.o(.text.HAL_TIMEx_DisarmBreakInput), (72 bytes).
    Removing stm32c0xx_hal_tim_ex.o(.ARM.exidx.text.HAL_TIMEx_DisarmBreakInput), (8 bytes).
    Removing stm32c0xx_hal_tim_ex.o(.text.HAL_TIMEx_ReArmBreakInput), (150 bytes).
    Removing stm32c0xx_hal_tim_ex.o(.ARM.exidx.text.HAL_TIMEx_ReArmBreakInput), (8 bytes).
    Removing stm32c0xx_hal_tim_ex.o(.ARM.exidx.text.HAL_TIMEx_CommutCallback), (8 bytes).
    Removing stm32c0xx_hal_tim_ex.o(.text.HAL_TIMEx_CommutHalfCpltCallback), (2 bytes).
    Removing stm32c0xx_hal_tim_ex.o(.ARM.exidx.text.HAL_TIMEx_CommutHalfCpltCallback), (8 bytes).
    Removing stm32c0xx_hal_tim_ex.o(.ARM.exidx.text.HAL_TIMEx_BreakCallback), (8 bytes).
    Removing stm32c0xx_hal_tim_ex.o(.ARM.exidx.text.HAL_TIMEx_Break2Callback), (8 bytes).
    Removing stm32c0xx_hal_tim_ex.o(.text.HAL_TIMEx_HallSensor_GetState), (6 bytes).
    Removing stm32c0xx_hal_tim_ex.o(.ARM.exidx.text.HAL_TIMEx_HallSensor_GetState), (8 bytes).
    Removing stm32c0xx_hal_tim_ex.o(.text.HAL_TIMEx_GetChannelNState), (36 bytes).
    Removing stm32c0xx_hal_tim_ex.o(.ARM.exidx.text.HAL_TIMEx_GetChannelNState), (8 bytes).
    Removing system_stm32c0xx.o(.text), (0 bytes).
    Removing system_stm32c0xx.o(.ARM.exidx.text.SystemInit), (8 bytes).
    Removing system_stm32c0xx.o(.text.SystemCoreClockUpdate), (92 bytes).
    Removing system_stm32c0xx.o(.ARM.exidx.text.SystemCoreClockUpdate), (8 bytes).
    Removing system_stm32c0xx.o(.rodata.APBPrescTable), (32 bytes).

749 unused section(s) (total 37985 bytes) removed from the image.

==============================================================================

Image Symbol Table

    Local Symbols

    Symbol Name                              Value     Ov Type        Size  Object(Section)

    ../clib/angel/boardlib.s                 0x00000000   Number         0  boardinit1.o ABSOLUTE
    ../clib/angel/boardlib.s                 0x00000000   Number         0  boardinit2.o ABSOLUTE
    ../clib/angel/boardlib.s                 0x00000000   Number         0  boardinit3.o ABSOLUTE
    ../clib/angel/boardlib.s                 0x00000000   Number         0  boardshut.o ABSOLUTE
    ../clib/angel/handlers.s                 0x00000000   Number         0  __scatter_copy.o ABSOLUTE
    ../clib/angel/handlers.s                 0x00000000   Number         0  __scatter_zi.o ABSOLUTE
    ../clib/angel/kernel.s                   0x00000000   Number         0  __rtentry.o ABSOLUTE
    ../clib/angel/kernel.s                   0x00000000   Number         0  __rtentry2.o ABSOLUTE
    ../clib/angel/kernel.s                   0x00000000   Number         0  __rtentry4.o ABSOLUTE
    ../clib/angel/kernel.s                   0x00000000   Number         0  rtexit.o ABSOLUTE
    ../clib/angel/kernel.s                   0x00000000   Number         0  rtexit2.o ABSOLUTE
    ../clib/angel/rt.s                       0x00000000   Number         0  aeabi_idiv0.o ABSOLUTE
    ../clib/angel/rt.s                       0x00000000   Number         0  aeabi_idiv0_sigfpe.o ABSOLUTE
    ../clib/angel/rt.s                       0x00000000   Number         0  rt_div0.o ABSOLUTE
    ../clib/angel/rt.s                       0x00000000   Number         0  rt_raise.o ABSOLUTE
    ../clib/angel/scatterp.s                 0x00000000   Number         0  __scatter.o ABSOLUTE
    ../clib/angel/startup.s                  0x00000000   Number         0  __main.o ABSOLUTE
    ../clib/angel/sys.s                      0x00000000   Number         0  sys_stackheap_outer.o ABSOLUTE
    ../clib/angel/sys.s                      0x00000000   Number         0  libspace.o ABSOLUTE
    ../clib/angel/sys.s                      0x00000000   Number         0  tempstk.o ABSOLUTE
    ../clib/angel/sys.s                      0x00000000   Number         0  use_no_semi.o ABSOLUTE
    ../clib/angel/sys.s                      0x00000000   Number         0  indicate_semi.o ABSOLUTE
    ../clib/angel/sysapp.c                   0x00000000   Number         0  sys_exit.o ABSOLUTE
    ../clib/angel/sysapp.c                   0x00000000   Number         0  sys_exit_hlt.o ABSOLUTE
    ../clib/angel/sysapp.c                   0x00000000   Number         0  sys_wrch.o ABSOLUTE
    ../clib/angel/sysapp.c                   0x00000000   Number         0  sys_wrch_hlt.o ABSOLUTE
    ../clib/angel/sysapp.c                   0x00000000   Number         0  sys_command.o ABSOLUTE
    ../clib/angel/sysapp.c                   0x00000000   Number         0  sys_command_hlt.o ABSOLUTE
    ../clib/armsys.c                         0x00000000   Number         0  argv_veneer.o ABSOLUTE
    ../clib/armsys.c                         0x00000000   Number         0  _get_argv_nomalloc.o ABSOLUTE
    ../clib/armsys.c                         0x00000000   Number         0  no_argv.o ABSOLUTE
    ../clib/division.s                       0x00000000   Number         0  aeabi_sdivfast.o ABSOLUTE
    ../clib/division.s                       0x00000000   Number         0  aeabi_sdivfast_div0.o ABSOLUTE
    ../clib/heapalloc.c                      0x00000000   Number         0  hrguard.o ABSOLUTE
    ../clib/heapaux.c                        0x00000000   Number         0  heapauxi.o ABSOLUTE
    ../clib/libinit.s                        0x00000000   Number         0  libinit.o ABSOLUTE
    ../clib/libinit.s                        0x00000000   Number         0  libinit2.o ABSOLUTE
    ../clib/libinit.s                        0x00000000   Number         0  libshutdown.o ABSOLUTE
    ../clib/libinit.s                        0x00000000   Number         0  libshutdown2.o ABSOLUTE
    ../clib/memcpset.c                       0x00000000   Number         0  rt_memclr.o ABSOLUTE
    ../clib/signal.c                         0x00000000   Number         0  defsig_fpe_outer.o ABSOLUTE
    ../clib/signal.c                         0x00000000   Number         0  defsig_fpe_formal.o ABSOLUTE
    ../clib/signal.c                         0x00000000   Number         0  defsig_exit.o ABSOLUTE
    ../clib/signal.c                         0x00000000   Number         0  defsig_fpe_inner.o ABSOLUTE
    ../clib/signal.c                         0x00000000   Number         0  __raise.o ABSOLUTE
    ../clib/signal.c                         0x00000000   Number         0  defsig_general.o ABSOLUTE
    ../clib/signal.c                         0x00000000   Number         0  defsig_abrt_inner.o ABSOLUTE
    ../clib/signal.c                         0x00000000   Number         0  defsig_rtred_inner.o ABSOLUTE
    ../clib/signal.c                         0x00000000   Number         0  defsig_rtmem_inner.o ABSOLUTE
    ../clib/signal.c                         0x00000000   Number         0  defsig_rtmem_outer.o ABSOLUTE
    ../clib/signal.c                         0x00000000   Number         0  defsig_rtmem_formal.o ABSOLUTE
    ../clib/signal.c                         0x00000000   Number         0  defsig_stak_inner.o ABSOLUTE
    ../clib/signal.c                         0x00000000   Number         0  defsig_pvfn_inner.o ABSOLUTE
    ../clib/signal.c                         0x00000000   Number         0  defsig_cppl_inner.o ABSOLUTE
    ../clib/signal.c                         0x00000000   Number         0  defsig_segv_inner.o ABSOLUTE
    ../clib/signal.c                         0x00000000   Number         0  defsig_other.o ABSOLUTE
    ../clib/signal.s                         0x00000000   Number         0  defsig.o ABSOLUTE
    ../clib/stdlib.c                         0x00000000   Number         0  exit.o ABSOLUTE
    ../fplib/cfplib/fpinit.c                 0x00000000   Number         0  fpinit.o ABSOLUTE
    dc.s                                     0x00000000   Number         0  dc.o ABSOLUTE
    delay_us.c                               0x00000000   Number         0  delay_us.o ABSOLUTE
    main.c                                   0x00000000   Number         0  main.o ABSOLUTE
    startup_stm32c011xx.s                    0x00000000   Number         0  startup_stm32c011xx.o ABSOLUTE
    stm32c0xx_hal.c                          0x00000000   Number         0  stm32c0xx_hal.o ABSOLUTE
    stm32c0xx_hal_cortex.c                   0x00000000   Number         0  stm32c0xx_hal_cortex.o ABSOLUTE
    stm32c0xx_hal_dma.c                      0x00000000   Number         0  stm32c0xx_hal_dma.o ABSOLUTE
    stm32c0xx_hal_dma_ex.c                   0x00000000   Number         0  stm32c0xx_hal_dma_ex.o ABSOLUTE
    stm32c0xx_hal_exti.c                     0x00000000   Number         0  stm32c0xx_hal_exti.o ABSOLUTE
    stm32c0xx_hal_flash.c                    0x00000000   Number         0  stm32c0xx_hal_flash.o ABSOLUTE
    stm32c0xx_hal_flash_ex.c                 0x00000000   Number         0  stm32c0xx_hal_flash_ex.o ABSOLUTE
    stm32c0xx_hal_gpio.c                     0x00000000   Number         0  stm32c0xx_hal_gpio.o ABSOLUTE
    stm32c0xx_hal_msp.c                      0x00000000   Number         0  stm32c0xx_hal_msp.o ABSOLUTE
    stm32c0xx_hal_pwr.c                      0x00000000   Number         0  stm32c0xx_hal_pwr.o ABSOLUTE
    stm32c0xx_hal_pwr_ex.c                   0x00000000   Number         0  stm32c0xx_hal_pwr_ex.o ABSOLUTE
    stm32c0xx_hal_rcc.c                      0x00000000   Number         0  stm32c0xx_hal_rcc.o ABSOLUTE
    stm32c0xx_hal_rcc_ex.c                   0x00000000   Number         0  stm32c0xx_hal_rcc_ex.o ABSOLUTE
    stm32c0xx_hal_spi.c                      0x00000000   Number         0  stm32c0xx_hal_spi.o ABSOLUTE
    stm32c0xx_hal_spi_ex.c                   0x00000000   Number         0  stm32c0xx_hal_spi_ex.o ABSOLUTE
    stm32c0xx_hal_tim.c                      0x00000000   Number         0  stm32c0xx_hal_tim.o ABSOLUTE
    stm32c0xx_hal_tim_ex.c                   0x00000000   Number         0  stm32c0xx_hal_tim_ex.o ABSOLUTE
    stm32c0xx_it.c                           0x00000000   Number         0  stm32c0xx_it.o ABSOLUTE
    system_stm32c0xx.c                       0x00000000   Number         0  system_stm32c0xx.o ABSOLUTE
    trapezoidal_control.c                    0x00000000   Number         0  trapezoidal_control.o ABSOLUTE
    RESET                                    0x08000000   Section      192  startup_stm32c011xx.o(RESET)
    !!!main                                  0x080000c0   Section        8  __main.o(!!!main)
    !!!scatter                               0x080000c8   Section       84  __scatter.o(!!!scatter)
    !!handler_copy                           0x0800011c   Section       26  __scatter_copy.o(!!handler_copy)
    !!handler_null                           0x08000138   Section        2  __scatter.o(!!handler_null)
    !!handler_zi                             0x0800013c   Section       28  __scatter_zi.o(!!handler_zi)
    .ARM.Collect$$libinit$$00000000          0x08000158   Section        2  libinit.o(.ARM.Collect$$libinit$$00000000)
    .ARM.Collect$$libinit$$00000002          0x0800015a   Section        0  libinit2.o(.ARM.Collect$$libinit$$00000002)
    .ARM.Collect$$libinit$$00000004          0x0800015a   Section        0  libinit2.o(.ARM.Collect$$libinit$$00000004)
    .ARM.Collect$$libinit$$00000006          0x0800015a   Section        0  libinit2.o(.ARM.Collect$$libinit$$00000006)
    .ARM.Collect$$libinit$$0000000C          0x0800015a   Section        0  libinit2.o(.ARM.Collect$$libinit$$0000000C)
    .ARM.Collect$$libinit$$0000000E          0x0800015a   Section        0  libinit2.o(.ARM.Collect$$libinit$$0000000E)
    .ARM.Collect$$libinit$$00000010          0x0800015a   Section        0  libinit2.o(.ARM.Collect$$libinit$$00000010)
    .ARM.Collect$$libinit$$00000013          0x0800015a   Section        0  libinit2.o(.ARM.Collect$$libinit$$00000013)
    .ARM.Collect$$libinit$$00000015          0x0800015a   Section        0  libinit2.o(.ARM.Collect$$libinit$$00000015)
    .ARM.Collect$$libinit$$00000017          0x0800015a   Section        0  libinit2.o(.ARM.Collect$$libinit$$00000017)
    .ARM.Collect$$libinit$$00000019          0x0800015a   Section        0  libinit2.o(.ARM.Collect$$libinit$$00000019)
    .ARM.Collect$$libinit$$0000001B          0x0800015a   Section        0  libinit2.o(.ARM.Collect$$libinit$$0000001B)
    .ARM.Collect$$libinit$$0000001D          0x0800015a   Section        0  libinit2.o(.ARM.Collect$$libinit$$0000001D)
    .ARM.Collect$$libinit$$0000001F          0x0800015a   Section        0  libinit2.o(.ARM.Collect$$libinit$$0000001F)
    .ARM.Collect$$libinit$$00000021          0x0800015a   Section        0  libinit2.o(.ARM.Collect$$libinit$$00000021)
    .ARM.Collect$$libinit$$00000023          0x0800015a   Section        0  libinit2.o(.ARM.Collect$$libinit$$00000023)
    .ARM.Collect$$libinit$$00000025          0x0800015a   Section        0  libinit2.o(.ARM.Collect$$libinit$$00000025)
    .ARM.Collect$$libinit$$00000027          0x0800015a   Section        0  libinit2.o(.ARM.Collect$$libinit$$00000027)
    .ARM.Collect$$libinit$$0000002E          0x0800015a   Section        0  libinit2.o(.ARM.Collect$$libinit$$0000002E)
    .ARM.Collect$$libinit$$00000030          0x0800015a   Section        0  libinit2.o(.ARM.Collect$$libinit$$00000030)
    .ARM.Collect$$libinit$$00000032          0x0800015a   Section        0  libinit2.o(.ARM.Collect$$libinit$$00000032)
    .ARM.Collect$$libinit$$00000034          0x0800015a   Section        0  libinit2.o(.ARM.Collect$$libinit$$00000034)
    .ARM.Collect$$libinit$$00000035          0x0800015a   Section        2  libinit2.o(.ARM.Collect$$libinit$$00000035)
    .ARM.Collect$$libshutdown$$00000000      0x0800015c   Section        2  libshutdown.o(.ARM.Collect$$libshutdown$$00000000)
    .ARM.Collect$$libshutdown$$00000002      0x0800015e   Section        0  libshutdown2.o(.ARM.Collect$$libshutdown$$00000002)
    .ARM.Collect$$libshutdown$$00000004      0x0800015e   Section        0  libshutdown2.o(.ARM.Collect$$libshutdown$$00000004)
    .ARM.Collect$$libshutdown$$00000007      0x0800015e   Section        0  libshutdown2.o(.ARM.Collect$$libshutdown$$00000007)
    .ARM.Collect$$libshutdown$$0000000A      0x0800015e   Section        0  libshutdown2.o(.ARM.Collect$$libshutdown$$0000000A)
    .ARM.Collect$$libshutdown$$0000000C      0x0800015e   Section        0  libshutdown2.o(.ARM.Collect$$libshutdown$$0000000C)
    .ARM.Collect$$libshutdown$$0000000F      0x0800015e   Section        0  libshutdown2.o(.ARM.Collect$$libshutdown$$0000000F)
    .ARM.Collect$$libshutdown$$00000010      0x0800015e   Section        2  libshutdown2.o(.ARM.Collect$$libshutdown$$00000010)
    .ARM.Collect$$rtentry$$00000000          0x08000160   Section        0  __rtentry.o(.ARM.Collect$$rtentry$$00000000)
    .ARM.Collect$$rtentry$$00000002          0x08000160   Section        0  __rtentry2.o(.ARM.Collect$$rtentry$$00000002)
    .ARM.Collect$$rtentry$$00000004          0x08000160   Section        6  __rtentry4.o(.ARM.Collect$$rtentry$$00000004)
    .ARM.Collect$$rtentry$$00000009          0x08000166   Section        0  __rtentry2.o(.ARM.Collect$$rtentry$$00000009)
    .ARM.Collect$$rtentry$$0000000A          0x08000166   Section        4  __rtentry2.o(.ARM.Collect$$rtentry$$0000000A)
    .ARM.Collect$$rtentry$$0000000C          0x0800016a   Section        0  __rtentry2.o(.ARM.Collect$$rtentry$$0000000C)
    .ARM.Collect$$rtentry$$0000000D          0x0800016a   Section        8  __rtentry2.o(.ARM.Collect$$rtentry$$0000000D)
    .ARM.Collect$$rtexit$$00000000           0x08000172   Section        2  rtexit.o(.ARM.Collect$$rtexit$$00000000)
    .ARM.Collect$$rtexit$$00000002           0x08000174   Section        0  rtexit2.o(.ARM.Collect$$rtexit$$00000002)
    .ARM.Collect$$rtexit$$00000003           0x08000174   Section        4  rtexit2.o(.ARM.Collect$$rtexit$$00000003)
    .ARM.Collect$$rtexit$$00000004           0x08000178   Section        6  rtexit2.o(.ARM.Collect$$rtexit$$00000004)
    .text                                    0x08000180   Section       56  startup_stm32c011xx.o(.text)
    .text                                    0x080001b8   Section        0  rt_memclr.o(.text)
    .text                                    0x080001f8   Section        0  heapauxi.o(.text)
    .text                                    0x080001fe   Section       62  sys_stackheap_outer.o(.text)
    .text                                    0x0800023c   Section        0  exit.o(.text)
    .text                                    0x0800024c   Section        8  libspace.o(.text)
    .text                                    0x08000254   Section        0  sys_exit.o(.text)
    .text                                    0x08000260   Section        2  use_no_semi.o(.text)
    [Anonymous Symbol]                       0x08000262   Section        0  stm32c0xx_it.o(.text.EXTI4_15_IRQHandler)
    .text                                    0x08000262   Section        0  indicate_semi.o(.text)
    [Anonymous Symbol]                       0x0800027a   Section        0  main.o(.text.Error_Handler)
    [Anonymous Symbol]                       0x0800027e   Section        0  stm32c0xx_hal_gpio.o(.text.HAL_GPIO_EXTI_Falling_Callback)
    [Anonymous Symbol]                       0x08000280   Section        0  stm32c0xx_hal_gpio.o(.text.HAL_GPIO_EXTI_IRQHandler)
    __arm_cp.7_0                             0x080002a4   Number         4  stm32c0xx_hal_gpio.o(.text.HAL_GPIO_EXTI_IRQHandler)
    [Anonymous Symbol]                       0x080002a8   Section        0  stm32c0xx_hal_gpio.o(.text.HAL_GPIO_EXTI_Rising_Callback)
    [Anonymous Symbol]                       0x080002ac   Section        0  stm32c0xx_hal_gpio.o(.text.HAL_GPIO_Init)
    __arm_cp.0_0                             0x08000430   Number         4  stm32c0xx_hal_gpio.o(.text.HAL_GPIO_Init)
    __arm_cp.0_1                             0x08000434   Number         4  stm32c0xx_hal_gpio.o(.text.HAL_GPIO_Init)
    __arm_cp.0_2                             0x08000438   Number         4  stm32c0xx_hal_gpio.o(.text.HAL_GPIO_Init)
    __arm_cp.0_3                             0x0800043c   Number         4  stm32c0xx_hal_gpio.o(.text.HAL_GPIO_Init)
    __arm_cp.0_4                             0x08000440   Number         4  stm32c0xx_hal_gpio.o(.text.HAL_GPIO_Init)
    __arm_cp.0_5                             0x08000444   Number         4  stm32c0xx_hal_gpio.o(.text.HAL_GPIO_Init)
    [Anonymous Symbol]                       0x08000448   Section        0  stm32c0xx_hal_gpio.o(.text.HAL_GPIO_WritePin)
    [Anonymous Symbol]                       0x08000458   Section        0  stm32c0xx_hal.o(.text.HAL_GetTick)
    [Anonymous Symbol]                       0x08000460   Section        0  stm32c0xx_hal.o(.text.HAL_IncTick)
    __arm_cp.5_1                             0x08000470   Number         4  stm32c0xx_hal.o(.text.HAL_IncTick)
    [Anonymous Symbol]                       0x08000474   Section        0  stm32c0xx_hal.o(.text.HAL_Init)
    [Anonymous Symbol]                       0x0800048c   Section        0  stm32c0xx_hal.o(.text.HAL_InitTick)
    __arm_cp.1_0                             0x080004cc   Number         4  stm32c0xx_hal.o(.text.HAL_InitTick)
    [Anonymous Symbol]                       0x080004d0   Section        0  stm32c0xx_hal_msp.o(.text.HAL_MspInit)
    __arm_cp.0_0                             0x08000508   Number         4  stm32c0xx_hal_msp.o(.text.HAL_MspInit)
    [Anonymous Symbol]                       0x0800050c   Section        0  stm32c0xx_hal_cortex.o(.text.HAL_NVIC_EnableIRQ)
    __arm_cp.1_0                             0x08000520   Number         4  stm32c0xx_hal_cortex.o(.text.HAL_NVIC_EnableIRQ)
    [Anonymous Symbol]                       0x08000524   Section        0  stm32c0xx_hal_cortex.o(.text.HAL_NVIC_SetPriority)
    __arm_cp.0_0                             0x08000554   Number         4  stm32c0xx_hal_cortex.o(.text.HAL_NVIC_SetPriority)
    __arm_cp.0_1                             0x08000558   Number         4  stm32c0xx_hal_cortex.o(.text.HAL_NVIC_SetPriority)
    [Anonymous Symbol]                       0x0800055c   Section        0  stm32c0xx_hal_rcc_ex.o(.text.HAL_RCCEx_PeriphCLKConfig)
    __arm_cp.0_0                             0x08000680   Number         4  stm32c0xx_hal_rcc_ex.o(.text.HAL_RCCEx_PeriphCLKConfig)
    __arm_cp.0_1                             0x08000684   Number         4  stm32c0xx_hal_rcc_ex.o(.text.HAL_RCCEx_PeriphCLKConfig)
    [Anonymous Symbol]                       0x08000688   Section        0  stm32c0xx_hal_rcc.o(.text.HAL_RCC_ClockConfig)
    __arm_cp.2_0                             0x08000820   Number         4  stm32c0xx_hal_rcc.o(.text.HAL_RCC_ClockConfig)
    __arm_cp.2_1                             0x08000824   Number         4  stm32c0xx_hal_rcc.o(.text.HAL_RCC_ClockConfig)
    __arm_cp.2_2                             0x08000828   Number         4  stm32c0xx_hal_rcc.o(.text.HAL_RCC_ClockConfig)
    __arm_cp.2_3                             0x0800082c   Number         4  stm32c0xx_hal_rcc.o(.text.HAL_RCC_ClockConfig)
    __arm_cp.2_5                             0x08000830   Number         4  stm32c0xx_hal_rcc.o(.text.HAL_RCC_ClockConfig)
    __arm_cp.2_6                             0x08000834   Number         4  stm32c0xx_hal_rcc.o(.text.HAL_RCC_ClockConfig)
    [Anonymous Symbol]                       0x08000838   Section        0  stm32c0xx_hal_rcc.o(.text.HAL_RCC_OscConfig)
    __arm_cp.1_0                             0x08000a7c   Number         4  stm32c0xx_hal_rcc.o(.text.HAL_RCC_OscConfig)
    __arm_cp.1_1                             0x08000a80   Number         4  stm32c0xx_hal_rcc.o(.text.HAL_RCC_OscConfig)
    __arm_cp.1_2                             0x08000a84   Number         4  stm32c0xx_hal_rcc.o(.text.HAL_RCC_OscConfig)
    __arm_cp.1_3                             0x08000a88   Number         4  stm32c0xx_hal_rcc.o(.text.HAL_RCC_OscConfig)
    __arm_cp.1_4                             0x08000a8c   Number         4  stm32c0xx_hal_rcc.o(.text.HAL_RCC_OscConfig)
    [Anonymous Symbol]                       0x08000a90   Section        0  stm32c0xx_hal_spi.o(.text.HAL_SPI_Init)
    __arm_cp.0_0                             0x08000b84   Number         4  stm32c0xx_hal_spi.o(.text.HAL_SPI_Init)
    [Anonymous Symbol]                       0x08000b88   Section        0  stm32c0xx_hal_msp.o(.text.HAL_SPI_MspInit)
    __arm_cp.1_0                             0x08000c28   Number         4  stm32c0xx_hal_msp.o(.text.HAL_SPI_MspInit)
    __arm_cp.1_1                             0x08000c2c   Number         4  stm32c0xx_hal_msp.o(.text.HAL_SPI_MspInit)
    __arm_cp.1_2                             0x08000c30   Number         4  stm32c0xx_hal_msp.o(.text.HAL_SPI_MspInit)
    [Anonymous Symbol]                       0x08000c34   Section        0  stm32c0xx_hal.o(.text.HAL_SYSCFG_EnableRemap)
    __arm_cp.23_0                            0x08000c40   Number         4  stm32c0xx_hal.o(.text.HAL_SYSCFG_EnableRemap)
    [Anonymous Symbol]                       0x08000c44   Section        0  stm32c0xx_hal_cortex.o(.text.HAL_SYSTICK_Config)
    __arm_cp.4_0                             0x08000c6c   Number         4  stm32c0xx_hal_cortex.o(.text.HAL_SYSTICK_Config)
    __arm_cp.4_1                             0x08000c70   Number         4  stm32c0xx_hal_cortex.o(.text.HAL_SYSTICK_Config)
    __arm_cp.4_2                             0x08000c74   Number         4  stm32c0xx_hal_cortex.o(.text.HAL_SYSTICK_Config)
    [Anonymous Symbol]                       0x08000c78   Section        0  stm32c0xx_hal_tim_ex.o(.text.HAL_TIMEx_Break2Callback)
    [Anonymous Symbol]                       0x08000c7a   Section        0  stm32c0xx_hal_tim_ex.o(.text.HAL_TIMEx_BreakCallback)
    [Anonymous Symbol]                       0x08000c7c   Section        0  stm32c0xx_hal_tim_ex.o(.text.HAL_TIMEx_CommutCallback)
    [Anonymous Symbol]                       0x08000c80   Section        0  stm32c0xx_hal_tim_ex.o(.text.HAL_TIMEx_ConfigBreakDeadTime)
    __arm_cp.34_0                            0x08000d1c   Number         4  stm32c0xx_hal_tim_ex.o(.text.HAL_TIMEx_ConfigBreakDeadTime)
    __arm_cp.34_1                            0x08000d20   Number         4  stm32c0xx_hal_tim_ex.o(.text.HAL_TIMEx_ConfigBreakDeadTime)
    __arm_cp.34_2                            0x08000d24   Number         4  stm32c0xx_hal_tim_ex.o(.text.HAL_TIMEx_ConfigBreakDeadTime)
    __arm_cp.34_3                            0x08000d28   Number         4  stm32c0xx_hal_tim_ex.o(.text.HAL_TIMEx_ConfigBreakDeadTime)
    __arm_cp.34_4                            0x08000d2c   Number         4  stm32c0xx_hal_tim_ex.o(.text.HAL_TIMEx_ConfigBreakDeadTime)
    __arm_cp.34_5                            0x08000d30   Number         4  stm32c0xx_hal_tim_ex.o(.text.HAL_TIMEx_ConfigBreakDeadTime)
    __arm_cp.34_7                            0x08000d34   Number         4  stm32c0xx_hal_tim_ex.o(.text.HAL_TIMEx_ConfigBreakDeadTime)
    __arm_cp.34_8                            0x08000d38   Number         4  stm32c0xx_hal_tim_ex.o(.text.HAL_TIMEx_ConfigBreakDeadTime)
    [Anonymous Symbol]                       0x08000d3c   Section        0  stm32c0xx_hal_tim_ex.o(.text.HAL_TIMEx_MasterConfigSynchronization)
    [Anonymous Symbol]                       0x08000d94   Section        0  stm32c0xx_hal_tim.o(.text.HAL_TIM_Base_Init)
    __arm_cp.0_2                             0x08000e58   Number         4  stm32c0xx_hal_tim.o(.text.HAL_TIM_Base_Init)
    [Anonymous Symbol]                       0x08000e5c   Section        0  stm32c0xx_hal_msp.o(.text.HAL_TIM_Base_MspInit)
    __arm_cp.3_0                             0x08000ed0   Number         4  stm32c0xx_hal_msp.o(.text.HAL_TIM_Base_MspInit)
    __arm_cp.3_1                             0x08000ed4   Number         4  stm32c0xx_hal_msp.o(.text.HAL_TIM_Base_MspInit)
    __arm_cp.3_2                             0x08000ed8   Number         4  stm32c0xx_hal_msp.o(.text.HAL_TIM_Base_MspInit)
    __arm_cp.3_3                             0x08000edc   Number         4  stm32c0xx_hal_msp.o(.text.HAL_TIM_Base_MspInit)
    __arm_cp.3_5                             0x08000ee0   Number         4  stm32c0xx_hal_msp.o(.text.HAL_TIM_Base_MspInit)
    [Anonymous Symbol]                       0x08000ee4   Section        0  stm32c0xx_hal_tim.o(.text.HAL_TIM_Base_Start)
    __arm_cp.5_0                             0x08000f28   Number         4  stm32c0xx_hal_tim.o(.text.HAL_TIM_Base_Start)
    __arm_cp.5_1                             0x08000f2c   Number         4  stm32c0xx_hal_tim.o(.text.HAL_TIM_Base_Start)
    __arm_cp.5_2                             0x08000f30   Number         4  stm32c0xx_hal_tim.o(.text.HAL_TIM_Base_Start)
    [Anonymous Symbol]                       0x08000f34   Section        0  stm32c0xx_hal_tim.o(.text.HAL_TIM_Base_Stop)
    [Anonymous Symbol]                       0x08000f58   Section        0  stm32c0xx_hal_tim.o(.text.HAL_TIM_Base_Stop_IT)
    __arm_cp.8_0                             0x08000f8c   Number         4  stm32c0xx_hal_tim.o(.text.HAL_TIM_Base_Stop_IT)
    __arm_cp.8_1                             0x08000f90   Number         4  stm32c0xx_hal_tim.o(.text.HAL_TIM_Base_Stop_IT)
    [Anonymous Symbol]                       0x08000f94   Section        0  stm32c0xx_hal_tim.o(.text.HAL_TIM_ConfigClockSource)
    __arm_cp.90_0                            0x080010e8   Number         4  stm32c0xx_hal_tim.o(.text.HAL_TIM_ConfigClockSource)
    __arm_cp.90_1                            0x080010ec   Number         4  stm32c0xx_hal_tim.o(.text.HAL_TIM_ConfigClockSource)
    [Anonymous Symbol]                       0x080010f0   Section        0  stm32c0xx_hal_tim.o(.text.HAL_TIM_IC_CaptureCallback)
    [Anonymous Symbol]                       0x080010f4   Section        0  stm32c0xx_hal_tim.o(.text.HAL_TIM_IRQHandler)
    __arm_cp.67_0                            0x080012c8   Number         4  stm32c0xx_hal_tim.o(.text.HAL_TIM_IRQHandler)
    __arm_cp.67_1                            0x080012cc   Number         4  stm32c0xx_hal_tim.o(.text.HAL_TIM_IRQHandler)
    [Anonymous Symbol]                       0x080012d0   Section        0  stm32c0xx_hal_msp.o(.text.HAL_TIM_MspPostInit)
    __arm_cp.4_1                             0x0800131c   Number         4  stm32c0xx_hal_msp.o(.text.HAL_TIM_MspPostInit)
    [Anonymous Symbol]                       0x08001320   Section        0  stm32c0xx_hal_tim.o(.text.HAL_TIM_OC_DelayElapsedCallback)
    [Anonymous Symbol]                       0x08001324   Section        0  stm32c0xx_hal_tim.o(.text.HAL_TIM_PWM_ConfigChannel)
    __arm_cp.77_0                            0x08001670   Number         4  stm32c0xx_hal_tim.o(.text.HAL_TIM_PWM_ConfigChannel)
    __arm_cp.77_3                            0x08001674   Number         4  stm32c0xx_hal_tim.o(.text.HAL_TIM_PWM_ConfigChannel)
    __arm_cp.77_4                            0x08001678   Number         4  stm32c0xx_hal_tim.o(.text.HAL_TIM_PWM_ConfigChannel)
    __arm_cp.77_5                            0x0800167c   Number         4  stm32c0xx_hal_tim.o(.text.HAL_TIM_PWM_ConfigChannel)
    __arm_cp.77_6                            0x08001680   Number         4  stm32c0xx_hal_tim.o(.text.HAL_TIM_PWM_ConfigChannel)
    [Anonymous Symbol]                       0x08001684   Section        0  stm32c0xx_hal_tim.o(.text.HAL_TIM_PWM_Init)
    __arm_cp.27_0                            0x08001748   Number         4  stm32c0xx_hal_tim.o(.text.HAL_TIM_PWM_Init)
    __arm_cp.27_2                            0x0800174c   Number         4  stm32c0xx_hal_tim.o(.text.HAL_TIM_PWM_Init)
    __arm_cp.27_3                            0x08001750   Number         4  stm32c0xx_hal_tim.o(.text.HAL_TIM_PWM_Init)
    __arm_cp.27_4                            0x08001754   Number         4  stm32c0xx_hal_tim.o(.text.HAL_TIM_PWM_Init)
    __arm_cp.27_5                            0x08001758   Number         4  stm32c0xx_hal_tim.o(.text.HAL_TIM_PWM_Init)
    [Anonymous Symbol]                       0x0800175c   Section        0  stm32c0xx_hal_tim.o(.text.HAL_TIM_PWM_MspInit)
    [Anonymous Symbol]                       0x0800175e   Section        0  stm32c0xx_hal_tim.o(.text.HAL_TIM_PWM_PulseFinishedCallback)
    [Anonymous Symbol]                       0x08001760   Section        0  stm32c0xx_hal_tim.o(.text.HAL_TIM_PWM_Start)
    __arm_cp.31_0                            0x0800181c   Number         4  stm32c0xx_hal_tim.o(.text.HAL_TIM_PWM_Start)
    __arm_cp.31_1                            0x08001820   Number         4  stm32c0xx_hal_tim.o(.text.HAL_TIM_PWM_Start)
    __arm_cp.31_2                            0x08001824   Number         4  stm32c0xx_hal_tim.o(.text.HAL_TIM_PWM_Start)
    __arm_cp.31_3                            0x08001828   Number         4  stm32c0xx_hal_tim.o(.text.HAL_TIM_PWM_Start)
    __arm_cp.31_4                            0x0800182c   Number         4  stm32c0xx_hal_tim.o(.text.HAL_TIM_PWM_Start)
    __arm_cp.31_5                            0x08001830   Number         4  stm32c0xx_hal_tim.o(.text.HAL_TIM_PWM_Start)
    [Anonymous Symbol]                       0x08001834   Section        0  stm32c0xx_hal_tim.o(.text.HAL_TIM_PWM_Stop)
    __arm_cp.32_0                            0x080018d0   Number         4  stm32c0xx_hal_tim.o(.text.HAL_TIM_PWM_Stop)
    __arm_cp.32_1                            0x080018d4   Number         4  stm32c0xx_hal_tim.o(.text.HAL_TIM_PWM_Stop)
    __arm_cp.32_2                            0x080018d8   Number         4  stm32c0xx_hal_tim.o(.text.HAL_TIM_PWM_Stop)
    __arm_cp.32_3                            0x080018dc   Number         4  stm32c0xx_hal_tim.o(.text.HAL_TIM_PWM_Stop)
    __arm_cp.32_4                            0x080018e0   Number         4  stm32c0xx_hal_tim.o(.text.HAL_TIM_PWM_Stop)
    [Anonymous Symbol]                       0x080018e4   Section        0  trapezoidal_control.o(.text.HAL_TIM_PeriodElapsedCallback)
    __arm_cp.10_0                            0x08001910   Number         4  trapezoidal_control.o(.text.HAL_TIM_PeriodElapsedCallback)
    __arm_cp.10_3                            0x08001914   Number         4  trapezoidal_control.o(.text.HAL_TIM_PeriodElapsedCallback)
    [Anonymous Symbol]                       0x08001918   Section        0  stm32c0xx_hal_tim.o(.text.HAL_TIM_TriggerCallback)
    [Anonymous Symbol]                       0x0800191a   Section        0  stm32c0xx_it.o(.text.HardFault_Handler)
    [Anonymous Symbol]                       0x0800191c   Section        0  stm32c0xx_it.o(.text.NMI_Handler)
    [Anonymous Symbol]                       0x0800191e   Section        0  stm32c0xx_it.o(.text.PendSV_Handler)
    [Anonymous Symbol]                       0x08001920   Section        0  stm32c0xx_it.o(.text.SVC_Handler)
    [Anonymous Symbol]                       0x08001922   Section        0  stm32c0xx_it.o(.text.SysTick_Handler)
    [Anonymous Symbol]                       0x0800192c   Section        0  system_stm32c0xx.o(.text.SystemInit)
    __arm_cp.0_0                             0x08001938   Number         4  system_stm32c0xx.o(.text.SystemInit)
    [Anonymous Symbol]                       0x0800193c   Section        0  stm32c0xx_it.o(.text.TIM17_IRQHandler)
    __arm_cp.6_0                             0x08001948   Number         4  stm32c0xx_it.o(.text.TIM17_IRQHandler)
    [Anonymous Symbol]                       0x0800194c   Section        0  trapezoidal_control.o(.text.bldc_move)
    __arm_cp.7_0                             0x08001b38   Number         4  trapezoidal_control.o(.text.bldc_move)
    __arm_cp.7_1                             0x08001b3c   Number         4  trapezoidal_control.o(.text.bldc_move)
    [Anonymous Symbol]                       0x08001b40   Section        0  delay_us.o(.text.delay_us)
    [Anonymous Symbol]                       0x08001b74   Section        0  main.o(.text.main)
    __arm_cp.0_0                             0x08001e00   Number         4  main.o(.text.main)
    __arm_cp.0_1                             0x08001e04   Number         4  main.o(.text.main)
    __arm_cp.0_2                             0x08001e08   Number         4  main.o(.text.main)
    __arm_cp.0_3                             0x08001e0c   Number         4  main.o(.text.main)
    __arm_cp.0_4                             0x08001e10   Number         4  main.o(.text.main)
    __arm_cp.0_5                             0x08001e14   Number         4  main.o(.text.main)
    __arm_cp.0_6                             0x08001e18   Number         4  main.o(.text.main)
    __arm_cp.0_7                             0x08001e1c   Number         4  main.o(.text.main)
    __arm_cp.0_8                             0x08001e20   Number         4  main.o(.text.main)
    __arm_cp.0_9                             0x08001e24   Number         4  main.o(.text.main)
    __arm_cp.0_10                            0x08001e28   Number         4  main.o(.text.main)
    __arm_cp.0_11                            0x08001e2c   Number         4  main.o(.text.main)
    __arm_cp.0_12                            0x08001e30   Number         4  main.o(.text.main)
    __arm_cp.0_13                            0x08001e34   Number         4  main.o(.text.main)
    __arm_cp.0_14                            0x08001e38   Number         4  main.o(.text.main)
    .text_divfast                            0x08001e3c   Section      502  aeabi_sdivfast.o(.text_divfast)
    [Anonymous Symbol]                       0x20000000   Section        0  stm32c0xx_hal.o(.data..L_MergedGlobals)
    .bss                                     0x20000010   Section       96  libspace.o(.bss)
    [Anonymous Symbol]                       0x20000070   Section        0  trapezoidal_control.o(.bss..L_MergedGlobals)
    Heap_Mem                                 0x20000210   Data         512  startup_stm32c011xx.o(HEAP)
    HEAP                                     0x20000210   Section      512  startup_stm32c011xx.o(HEAP)
    Stack_Mem                                0x20000410   Data        1024  startup_stm32c011xx.o(STACK)
    STACK                                    0x20000410   Section     1024  startup_stm32c011xx.o(STACK)
    __initial_sp                             0x20000810   Data           0  startup_stm32c011xx.o(STACK)

    Global Symbols

    Symbol Name                              Value     Ov Type        Size  Object(Section)

    BuildAttributes$$THM_ISAv3M$S$PE$A:L22$X:L11$S22$IEEE1$IW$~IW$USESV6$~STKCKD$USESV7$~SHL$OTIME$ROPI$EBA8$UX$STANDARDLIB$REQ8$PRES8$EABIv2 0x00000000   Number         0  anon$$obj.o ABSOLUTE
    __ARM_exceptions_init                     - Undefined Weak Reference
    __alloca_initialize                       - Undefined Weak Reference
    __arm_preinit_                            - Undefined Weak Reference
    __arm_relocate_pie_                       - Undefined Weak Reference
    __cpp_initialize__aeabi_                  - Undefined Weak Reference
    __cxa_finalize                            - Undefined Weak Reference
    __rt_locale                               - Undefined Weak Reference
    __sigvec_lookup                           - Undefined Weak Reference
    _atexit_init                              - Undefined Weak Reference
    _call_atexit_fns                          - Undefined Weak Reference
    _clock_init                               - Undefined Weak Reference
    _fp_trap_init                             - Undefined Weak Reference
    _fp_trap_shutdown                         - Undefined Weak Reference
    _get_lc_collate                           - Undefined Weak Reference
    _get_lc_ctype                             - Undefined Weak Reference
    _get_lc_monetary                          - Undefined Weak Reference
    _get_lc_numeric                           - Undefined Weak Reference
    _get_lc_time                              - Undefined Weak Reference
    _getenv_init                              - Undefined Weak Reference
    _handle_redirection                       - Undefined Weak Reference
    _init_alloc                               - Undefined Weak Reference
    _init_user_alloc                          - Undefined Weak Reference
    _initio                                   - Undefined Weak Reference
    _rand_init                                - Undefined Weak Reference
    _signal_finish                            - Undefined Weak Reference
    _signal_init                              - Undefined Weak Reference
    _terminate_alloc                          - Undefined Weak Reference
    _terminate_user_alloc                     - Undefined Weak Reference
    _terminateio                              - Undefined Weak Reference
    __Vectors_Size                           0x000000c0   Number         0  startup_stm32c011xx.o ABSOLUTE
    __Vectors                                0x08000000   Data           4  startup_stm32c011xx.o(RESET)
    __Vectors_End                            0x080000c0   Data           0  startup_stm32c011xx.o(RESET)
    __main                                   0x080000c1   Thumb Code     8  __main.o(!!!main)
    __scatterload                            0x080000c9   Thumb Code     0  __scatter.o(!!!scatter)
    __scatterload_rt2                        0x080000c9   Thumb Code    74  __scatter.o(!!!scatter)
    __scatterload_rt2_thumb_only             0x080000c9   Thumb Code     0  __scatter.o(!!!scatter)
    __scatterload_loop                       0x080000d3   Thumb Code     0  __scatter.o(!!!scatter)
    __scatterload_copy                       0x0800011d   Thumb Code    26  __scatter_copy.o(!!handler_copy)
    __scatterload_null                       0x08000139   Thumb Code     2  __scatter.o(!!handler_null)
    __scatterload_zeroinit                   0x0800013d   Thumb Code    28  __scatter_zi.o(!!handler_zi)
    __rt_lib_init                            0x08000159   Thumb Code     0  libinit.o(.ARM.Collect$$libinit$$00000000)
    __rt_lib_init_alloca_1                   0x0800015b   Thumb Code     0  libinit2.o(.ARM.Collect$$libinit$$00000030)
    __rt_lib_init_argv_1                     0x0800015b   Thumb Code     0  libinit2.o(.ARM.Collect$$libinit$$0000002E)
    __rt_lib_init_atexit_1                   0x0800015b   Thumb Code     0  libinit2.o(.ARM.Collect$$libinit$$0000001D)
    __rt_lib_init_clock_1                    0x0800015b   Thumb Code     0  libinit2.o(.ARM.Collect$$libinit$$00000023)
    __rt_lib_init_cpp_1                      0x0800015b   Thumb Code     0  libinit2.o(.ARM.Collect$$libinit$$00000034)
    __rt_lib_init_exceptions_1               0x0800015b   Thumb Code     0  libinit2.o(.ARM.Collect$$libinit$$00000032)
    __rt_lib_init_fp_1                       0x0800015b   Thumb Code     0  libinit2.o(.ARM.Collect$$libinit$$00000002)
    __rt_lib_init_fp_trap_1                  0x0800015b   Thumb Code     0  libinit2.o(.ARM.Collect$$libinit$$00000021)
    __rt_lib_init_getenv_1                   0x0800015b   Thumb Code     0  libinit2.o(.ARM.Collect$$libinit$$00000025)
    __rt_lib_init_heap_1                     0x0800015b   Thumb Code     0  libinit2.o(.ARM.Collect$$libinit$$0000000C)
    __rt_lib_init_lc_collate_1               0x0800015b   Thumb Code     0  libinit2.o(.ARM.Collect$$libinit$$00000013)
    __rt_lib_init_lc_ctype_1                 0x0800015b   Thumb Code     0  libinit2.o(.ARM.Collect$$libinit$$00000015)
    __rt_lib_init_lc_monetary_1              0x0800015b   Thumb Code     0  libinit2.o(.ARM.Collect$$libinit$$00000017)
    __rt_lib_init_lc_numeric_1               0x0800015b   Thumb Code     0  libinit2.o(.ARM.Collect$$libinit$$00000019)
    __rt_lib_init_lc_time_1                  0x0800015b   Thumb Code     0  libinit2.o(.ARM.Collect$$libinit$$0000001B)
    __rt_lib_init_preinit_1                  0x0800015b   Thumb Code     0  libinit2.o(.ARM.Collect$$libinit$$00000006)
    __rt_lib_init_rand_1                     0x0800015b   Thumb Code     0  libinit2.o(.ARM.Collect$$libinit$$00000010)
    __rt_lib_init_relocate_pie_1             0x0800015b   Thumb Code     0  libinit2.o(.ARM.Collect$$libinit$$00000004)
    __rt_lib_init_return                     0x0800015b   Thumb Code     0  libinit2.o(.ARM.Collect$$libinit$$00000035)
    __rt_lib_init_signal_1                   0x0800015b   Thumb Code     0  libinit2.o(.ARM.Collect$$libinit$$0000001F)
    __rt_lib_init_stdio_1                    0x0800015b   Thumb Code     0  libinit2.o(.ARM.Collect$$libinit$$00000027)
    __rt_lib_init_user_alloc_1               0x0800015b   Thumb Code     0  libinit2.o(.ARM.Collect$$libinit$$0000000E)
    __rt_lib_shutdown                        0x0800015d   Thumb Code     0  libshutdown.o(.ARM.Collect$$libshutdown$$00000000)
    __rt_lib_shutdown_cpp_1                  0x0800015f   Thumb Code     0  libshutdown2.o(.ARM.Collect$$libshutdown$$00000002)
    __rt_lib_shutdown_fp_trap_1              0x0800015f   Thumb Code     0  libshutdown2.o(.ARM.Collect$$libshutdown$$00000007)
    __rt_lib_shutdown_heap_1                 0x0800015f   Thumb Code     0  libshutdown2.o(.ARM.Collect$$libshutdown$$0000000F)
    __rt_lib_shutdown_return                 0x0800015f   Thumb Code     0  libshutdown2.o(.ARM.Collect$$libshutdown$$00000010)
    __rt_lib_shutdown_signal_1               0x0800015f   Thumb Code     0  libshutdown2.o(.ARM.Collect$$libshutdown$$0000000A)
    __rt_lib_shutdown_stdio_1                0x0800015f   Thumb Code     0  libshutdown2.o(.ARM.Collect$$libshutdown$$00000004)
    __rt_lib_shutdown_user_alloc_1           0x0800015f   Thumb Code     0  libshutdown2.o(.ARM.Collect$$libshutdown$$0000000C)
    __rt_entry                               0x08000161   Thumb Code     0  __rtentry.o(.ARM.Collect$$rtentry$$00000000)
    __rt_entry_presh_1                       0x08000161   Thumb Code     0  __rtentry2.o(.ARM.Collect$$rtentry$$00000002)
    __rt_entry_sh                            0x08000161   Thumb Code     0  __rtentry4.o(.ARM.Collect$$rtentry$$00000004)
    __rt_entry_li                            0x08000167   Thumb Code     0  __rtentry2.o(.ARM.Collect$$rtentry$$0000000A)
    __rt_entry_postsh_1                      0x08000167   Thumb Code     0  __rtentry2.o(.ARM.Collect$$rtentry$$00000009)
    __rt_entry_main                          0x0800016b   Thumb Code     0  __rtentry2.o(.ARM.Collect$$rtentry$$0000000D)
    __rt_entry_postli_1                      0x0800016b   Thumb Code     0  __rtentry2.o(.ARM.Collect$$rtentry$$0000000C)
    __rt_exit                                0x08000173   Thumb Code     0  rtexit.o(.ARM.Collect$$rtexit$$00000000)
    __rt_exit_ls                             0x08000175   Thumb Code     0  rtexit2.o(.ARM.Collect$$rtexit$$00000003)
    __rt_exit_prels_1                        0x08000175   Thumb Code     0  rtexit2.o(.ARM.Collect$$rtexit$$00000002)
    __rt_exit_exit                           0x08000179   Thumb Code     0  rtexit2.o(.ARM.Collect$$rtexit$$00000004)
    Reset_Handler                            0x08000181   Thumb Code     8  startup_stm32c011xx.o(.text)
    ADC1_IRQHandler                          0x08000193   Thumb Code     0  startup_stm32c011xx.o(.text)
    DMA1_Channel1_IRQHandler                 0x08000193   Thumb Code     0  startup_stm32c011xx.o(.text)
    DMA1_Channel2_3_IRQHandler               0x08000193   Thumb Code     0  startup_stm32c011xx.o(.text)
    DMAMUX1_IRQHandler                       0x08000193   Thumb Code     0  startup_stm32c011xx.o(.text)
    EXTI0_1_IRQHandler                       0x08000193   Thumb Code     0  startup_stm32c011xx.o(.text)
    EXTI2_3_IRQHandler                       0x08000193   Thumb Code     0  startup_stm32c011xx.o(.text)
    FLASH_IRQHandler                         0x08000193   Thumb Code     0  startup_stm32c011xx.o(.text)
    I2C1_IRQHandler                          0x08000193   Thumb Code     0  startup_stm32c011xx.o(.text)
    RCC_IRQHandler                           0x08000193   Thumb Code     0  startup_stm32c011xx.o(.text)
    RTC_IRQHandler                           0x08000193   Thumb Code     0  startup_stm32c011xx.o(.text)
    SPI1_IRQHandler                          0x08000193   Thumb Code     0  startup_stm32c011xx.o(.text)
    TIM14_IRQHandler                         0x08000193   Thumb Code     0  startup_stm32c011xx.o(.text)
    TIM16_IRQHandler                         0x08000193   Thumb Code     0  startup_stm32c011xx.o(.text)
    TIM1_BRK_UP_TRG_COM_IRQHandler           0x08000193   Thumb Code     0  startup_stm32c011xx.o(.text)
    TIM1_CC_IRQHandler                       0x08000193   Thumb Code     0  startup_stm32c011xx.o(.text)
    TIM3_IRQHandler                          0x08000193   Thumb Code     0  startup_stm32c011xx.o(.text)
    USART1_IRQHandler                        0x08000193   Thumb Code     0  startup_stm32c011xx.o(.text)
    USART2_IRQHandler                        0x08000193   Thumb Code     0  startup_stm32c011xx.o(.text)
    WWDG_IRQHandler                          0x08000193   Thumb Code     0  startup_stm32c011xx.o(.text)
    __user_initial_stackheap                 0x08000195   Thumb Code     0  startup_stm32c011xx.o(.text)
    _memset_w                                0x080001b9   Thumb Code    26  rt_memclr.o(.text)
    _memset                                  0x080001d3   Thumb Code    30  rt_memclr.o(.text)
    __aeabi_memclr                           0x080001f1   Thumb Code     4  rt_memclr.o(.text)
    __rt_memclr                              0x080001f1   Thumb Code     0  rt_memclr.o(.text)
    __aeabi_memclr4                          0x080001f5   Thumb Code     0  rt_memclr.o(.text)
    __aeabi_memclr8                          0x080001f5   Thumb Code     0  rt_memclr.o(.text)
    __rt_memclr_w                            0x080001f5   Thumb Code     4  rt_memclr.o(.text)
    __use_two_region_memory                  0x080001f9   Thumb Code     2  heapauxi.o(.text)
    __rt_heap_escrow$2region                 0x080001fb   Thumb Code     2  heapauxi.o(.text)
    __rt_heap_expand$2region                 0x080001fd   Thumb Code     2  heapauxi.o(.text)
    __user_setup_stackheap                   0x080001ff   Thumb Code    62  sys_stackheap_outer.o(.text)
    exit                                     0x0800023d   Thumb Code    16  exit.o(.text)
    __user_libspace                          0x0800024d   Thumb Code     8  libspace.o(.text)
    __user_perproc_libspace                  0x0800024d   Thumb Code     0  libspace.o(.text)
    __user_perthread_libspace                0x0800024d   Thumb Code     0  libspace.o(.text)
    _sys_exit                                0x08000255   Thumb Code     8  sys_exit.o(.text)
    __I$use$semihosting                      0x08000261   Thumb Code     0  use_no_semi.o(.text)
    __use_no_semihosting_swi                 0x08000261   Thumb Code     2  use_no_semi.o(.text)
    EXTI4_15_IRQHandler                      0x08000263   Thumb Code    24  stm32c0xx_it.o(.text.EXTI4_15_IRQHandler)
    __semihosting_library_function           0x08000263   Thumb Code     0  indicate_semi.o(.text)
    Error_Handler                            0x0800027b   Thumb Code     4  main.o(.text.Error_Handler)
    HAL_GPIO_EXTI_Falling_Callback           0x0800027f   Thumb Code     2  stm32c0xx_hal_gpio.o(.text.HAL_GPIO_EXTI_Falling_Callback)
    HAL_GPIO_EXTI_IRQHandler                 0x08000281   Thumb Code    36  stm32c0xx_hal_gpio.o(.text.HAL_GPIO_EXTI_IRQHandler)
    HAL_GPIO_EXTI_Rising_Callback            0x080002a9   Thumb Code     2  stm32c0xx_hal_gpio.o(.text.HAL_GPIO_EXTI_Rising_Callback)
    HAL_GPIO_Init                            0x080002ad   Thumb Code   388  stm32c0xx_hal_gpio.o(.text.HAL_GPIO_Init)
    HAL_GPIO_WritePin                        0x08000449   Thumb Code    16  stm32c0xx_hal_gpio.o(.text.HAL_GPIO_WritePin)
    HAL_GetTick                              0x08000459   Thumb Code     8  stm32c0xx_hal.o(.text.HAL_GetTick)
    HAL_IncTick                              0x08000461   Thumb Code    16  stm32c0xx_hal.o(.text.HAL_IncTick)
    HAL_Init                                 0x08000475   Thumb Code    24  stm32c0xx_hal.o(.text.HAL_Init)
    HAL_InitTick                             0x0800048d   Thumb Code    64  stm32c0xx_hal.o(.text.HAL_InitTick)
    HAL_MspInit                              0x080004d1   Thumb Code    56  stm32c0xx_hal_msp.o(.text.HAL_MspInit)
    HAL_NVIC_EnableIRQ                       0x0800050d   Thumb Code    20  stm32c0xx_hal_cortex.o(.text.HAL_NVIC_EnableIRQ)
    HAL_NVIC_SetPriority                     0x08000525   Thumb Code    48  stm32c0xx_hal_cortex.o(.text.HAL_NVIC_SetPriority)
    HAL_RCCEx_PeriphCLKConfig                0x0800055d   Thumb Code   292  stm32c0xx_hal_rcc_ex.o(.text.HAL_RCCEx_PeriphCLKConfig)
    HAL_RCC_ClockConfig                      0x08000689   Thumb Code   408  stm32c0xx_hal_rcc.o(.text.HAL_RCC_ClockConfig)
    HAL_RCC_OscConfig                        0x08000839   Thumb Code   580  stm32c0xx_hal_rcc.o(.text.HAL_RCC_OscConfig)
    HAL_SPI_Init                             0x08000a91   Thumb Code   244  stm32c0xx_hal_spi.o(.text.HAL_SPI_Init)
    HAL_SPI_MspInit                          0x08000b89   Thumb Code   160  stm32c0xx_hal_msp.o(.text.HAL_SPI_MspInit)
    HAL_SYSCFG_EnableRemap                   0x08000c35   Thumb Code    12  stm32c0xx_hal.o(.text.HAL_SYSCFG_EnableRemap)
    HAL_SYSTICK_Config                       0x08000c45   Thumb Code    40  stm32c0xx_hal_cortex.o(.text.HAL_SYSTICK_Config)
    HAL_TIMEx_Break2Callback                 0x08000c79   Thumb Code     2  stm32c0xx_hal_tim_ex.o(.text.HAL_TIMEx_Break2Callback)
    HAL_TIMEx_BreakCallback                  0x08000c7b   Thumb Code     2  stm32c0xx_hal_tim_ex.o(.text.HAL_TIMEx_BreakCallback)
    HAL_TIMEx_CommutCallback                 0x08000c7d   Thumb Code     2  stm32c0xx_hal_tim_ex.o(.text.HAL_TIMEx_CommutCallback)
    HAL_TIMEx_ConfigBreakDeadTime            0x08000c81   Thumb Code   156  stm32c0xx_hal_tim_ex.o(.text.HAL_TIMEx_ConfigBreakDeadTime)
    HAL_TIMEx_MasterConfigSynchronization    0x08000d3d   Thumb Code    88  stm32c0xx_hal_tim_ex.o(.text.HAL_TIMEx_MasterConfigSynchronization)
    HAL_TIM_Base_Init                        0x08000d95   Thumb Code   196  stm32c0xx_hal_tim.o(.text.HAL_TIM_Base_Init)
    HAL_TIM_Base_MspInit                     0x08000e5d   Thumb Code   116  stm32c0xx_hal_msp.o(.text.HAL_TIM_Base_MspInit)
    HAL_TIM_Base_Start                       0x08000ee5   Thumb Code    68  stm32c0xx_hal_tim.o(.text.HAL_TIM_Base_Start)
    HAL_TIM_Base_Stop                        0x08000f35   Thumb Code    36  stm32c0xx_hal_tim.o(.text.HAL_TIM_Base_Stop)
    HAL_TIM_Base_Stop_IT                     0x08000f59   Thumb Code    52  stm32c0xx_hal_tim.o(.text.HAL_TIM_Base_Stop_IT)
    HAL_TIM_ConfigClockSource                0x08000f95   Thumb Code   340  stm32c0xx_hal_tim.o(.text.HAL_TIM_ConfigClockSource)
    HAL_TIM_IC_CaptureCallback               0x080010f1   Thumb Code     2  stm32c0xx_hal_tim.o(.text.HAL_TIM_IC_CaptureCallback)
    HAL_TIM_IRQHandler                       0x080010f5   Thumb Code   468  stm32c0xx_hal_tim.o(.text.HAL_TIM_IRQHandler)
    HAL_TIM_MspPostInit                      0x080012d1   Thumb Code    76  stm32c0xx_hal_msp.o(.text.HAL_TIM_MspPostInit)
    HAL_TIM_OC_DelayElapsedCallback          0x08001321   Thumb Code     2  stm32c0xx_hal_tim.o(.text.HAL_TIM_OC_DelayElapsedCallback)
    HAL_TIM_PWM_ConfigChannel                0x08001325   Thumb Code   844  stm32c0xx_hal_tim.o(.text.HAL_TIM_PWM_ConfigChannel)
    HAL_TIM_PWM_Init                         0x08001685   Thumb Code   196  stm32c0xx_hal_tim.o(.text.HAL_TIM_PWM_Init)
    HAL_TIM_PWM_MspInit                      0x0800175d   Thumb Code     2  stm32c0xx_hal_tim.o(.text.HAL_TIM_PWM_MspInit)
    HAL_TIM_PWM_PulseFinishedCallback        0x0800175f   Thumb Code     2  stm32c0xx_hal_tim.o(.text.HAL_TIM_PWM_PulseFinishedCallback)
    HAL_TIM_PWM_Start                        0x08001761   Thumb Code   188  stm32c0xx_hal_tim.o(.text.HAL_TIM_PWM_Start)
    HAL_TIM_PWM_Stop                         0x08001835   Thumb Code   156  stm32c0xx_hal_tim.o(.text.HAL_TIM_PWM_Stop)
    HAL_TIM_PeriodElapsedCallback            0x080018e5   Thumb Code    44  trapezoidal_control.o(.text.HAL_TIM_PeriodElapsedCallback)
    HAL_TIM_TriggerCallback                  0x08001919   Thumb Code     2  stm32c0xx_hal_tim.o(.text.HAL_TIM_TriggerCallback)
    HardFault_Handler                        0x0800191b   Thumb Code     2  stm32c0xx_it.o(.text.HardFault_Handler)
    NMI_Handler                              0x0800191d   Thumb Code     2  stm32c0xx_it.o(.text.NMI_Handler)
    PendSV_Handler                           0x0800191f   Thumb Code     2  stm32c0xx_it.o(.text.PendSV_Handler)
    SVC_Handler                              0x08001921   Thumb Code     2  stm32c0xx_it.o(.text.SVC_Handler)
    SysTick_Handler                          0x08001923   Thumb Code     8  stm32c0xx_it.o(.text.SysTick_Handler)
    SystemInit                               0x0800192d   Thumb Code    12  system_stm32c0xx.o(.text.SystemInit)
    TIM17_IRQHandler                         0x0800193d   Thumb Code    12  stm32c0xx_it.o(.text.TIM17_IRQHandler)
    bldc_move                                0x0800194d   Thumb Code   492  trapezoidal_control.o(.text.bldc_move)
    delay_us                                 0x08001b41   Thumb Code    52  delay_us.o(.text.delay_us)
    main                                     0x08001b75   Thumb Code   652  main.o(.text.main)
    __aeabi_uidiv                            0x08001e3d   Thumb Code    68  aeabi_sdivfast.o(.text_divfast)
    __aeabi_idiv                             0x08001e81   Thumb Code   434  aeabi_sdivfast.o(.text_divfast)
    AHBPrescTable                            0x08002034   Data          64  system_stm32c0xx.o(.rodata.AHBPrescTable)
    Region$$Table$$Base                      0x08002074   Number         0  anon$$obj.o(Region$$Table)
    Region$$Table$$Limit                     0x08002094   Number         0  anon$$obj.o(Region$$Table)
    uwTickFreq                               0x20000000   Data           1  stm32c0xx_hal.o(.data..L_MergedGlobals)
    uwTickPrio                               0x20000004   Data           4  stm32c0xx_hal.o(.data..L_MergedGlobals)
    SystemCoreClock                          0x20000008   Data           4  system_stm32c0xx.o(.data.SystemCoreClock)
    __libspace_start                         0x20000010   Data          96  libspace.o(.bss)
    __temporary_stack_top$libspace           0x20000070   Data           0  libspace.o(.bss)
    bldc_step                                0x20000070   Data           1  trapezoidal_control.o(.bss..L_MergedGlobals)
    zc_detect_cnt                            0x20000071   Data           1  trapezoidal_control.o(.bss..L_MergedGlobals)
    last_zc_time                             0x20000072   Data           2  trapezoidal_control.o(.bss..L_MergedGlobals)
    current_zc_time                          0x20000074   Data           2  trapezoidal_control.o(.bss..L_MergedGlobals)
    hspi1                                    0x20000078   Data         100  main.o(.bss.hspi1)
    htim1                                    0x200000dc   Data          76  main.o(.bss.htim1)
    htim14                                   0x20000128   Data          76  main.o(.bss.htim14)
    htim16                                   0x20000174   Data          76  main.o(.bss.htim16)
    htim17                                   0x200001c0   Data          76  main.o(.bss.htim17)
    uwTick                                   0x2000020c   Data           4  stm32c0xx_hal.o(.bss.uwTick)



==============================================================================

Memory Map of the image

  Image Entry point : 0x080000c1

  Load Region LR_IROM1 (Base: 0x08000000, Size: 0x000020a8, Max: 0x00008000, ABSOLUTE)

    Execution Region ER_IROM1 (Exec base: 0x08000000, Load base: 0x08000000, Size: 0x00002094, Max: 0x00008000, ABSOLUTE)

    Exec Addr    Load Addr    Size         Type   Attr      Idx    E Section Name        Object

    0x08000000   0x08000000   0x000000c0   Data   RO            3    RESET               startup_stm32c011xx.o
    0x080000c0   0x080000c0   0x00000008   Code   RO          988  * !!!main             c_p.l(__main.o)
    0x080000c8   0x080000c8   0x00000054   Code   RO         1165    !!!scatter          c_p.l(__scatter.o)
    0x0800011c   0x0800011c   0x0000001a   Code   RO         1169    !!handler_copy      c_p.l(__scatter_copy.o)
    0x08000136   0x08000136   0x00000002   PAD
    0x08000138   0x08000138   0x00000002   Code   RO         1166    !!handler_null      c_p.l(__scatter.o)
    0x0800013a   0x0800013a   0x00000002   PAD
    0x0800013c   0x0800013c   0x0000001c   Code   RO         1171    !!handler_zi        c_p.l(__scatter_zi.o)
    0x08000158   0x08000158   0x00000002   Code   RO         1026    .ARM.Collect$$libinit$$00000000  c_p.l(libinit.o)
    0x0800015a   0x0800015a   0x00000000   Code   RO         1040    .ARM.Collect$$libinit$$00000002  c_p.l(libinit2.o)
    0x0800015a   0x0800015a   0x00000000   Code   RO         1042    .ARM.Collect$$libinit$$00000004  c_p.l(libinit2.o)
    0x0800015a   0x0800015a   0x00000000   Code   RO         1044    .ARM.Collect$$libinit$$00000006  c_p.l(libinit2.o)
    0x0800015a   0x0800015a   0x00000000   Code   RO         1047    .ARM.Collect$$libinit$$0000000C  c_p.l(libinit2.o)
    0x0800015a   0x0800015a   0x00000000   Code   RO         1049    .ARM.Collect$$libinit$$0000000E  c_p.l(libinit2.o)
    0x0800015a   0x0800015a   0x00000000   Code   RO         1051    .ARM.Collect$$libinit$$00000010  c_p.l(libinit2.o)
    0x0800015a   0x0800015a   0x00000000   Code   RO         1054    .ARM.Collect$$libinit$$00000013  c_p.l(libinit2.o)
    0x0800015a   0x0800015a   0x00000000   Code   RO         1056    .ARM.Collect$$libinit$$00000015  c_p.l(libinit2.o)
    0x0800015a   0x0800015a   0x00000000   Code   RO         1058    .ARM.Collect$$libinit$$00000017  c_p.l(libinit2.o)
    0x0800015a   0x0800015a   0x00000000   Code   RO         1060    .ARM.Collect$$libinit$$00000019  c_p.l(libinit2.o)
    0x0800015a   0x0800015a   0x00000000   Code   RO         1062    .ARM.Collect$$libinit$$0000001B  c_p.l(libinit2.o)
    0x0800015a   0x0800015a   0x00000000   Code   RO         1064    .ARM.Collect$$libinit$$0000001D  c_p.l(libinit2.o)
    0x0800015a   0x0800015a   0x00000000   Code   RO         1066    .ARM.Collect$$libinit$$0000001F  c_p.l(libinit2.o)
    0x0800015a   0x0800015a   0x00000000   Code   RO         1068    .ARM.Collect$$libinit$$00000021  c_p.l(libinit2.o)
    0x0800015a   0x0800015a   0x00000000   Code   RO         1070    .ARM.Collect$$libinit$$00000023  c_p.l(libinit2.o)
    0x0800015a   0x0800015a   0x00000000   Code   RO         1072    .ARM.Collect$$libinit$$00000025  c_p.l(libinit2.o)
    0x0800015a   0x0800015a   0x00000000   Code   RO         1074    .ARM.Collect$$libinit$$00000027  c_p.l(libinit2.o)
    0x0800015a   0x0800015a   0x00000000   Code   RO         1078    .ARM.Collect$$libinit$$0000002E  c_p.l(libinit2.o)
    0x0800015a   0x0800015a   0x00000000   Code   RO         1080    .ARM.Collect$$libinit$$00000030  c_p.l(libinit2.o)
    0x0800015a   0x0800015a   0x00000000   Code   RO         1082    .ARM.Collect$$libinit$$00000032  c_p.l(libinit2.o)
    0x0800015a   0x0800015a   0x00000000   Code   RO         1084    .ARM.Collect$$libinit$$00000034  c_p.l(libinit2.o)
    0x0800015a   0x0800015a   0x00000002   Code   RO         1085    .ARM.Collect$$libinit$$00000035  c_p.l(libinit2.o)
    0x0800015c   0x0800015c   0x00000002   Code   RO         1120    .ARM.Collect$$libshutdown$$00000000  c_p.l(libshutdown.o)
    0x0800015e   0x0800015e   0x00000000   Code   RO         1148    .ARM.Collect$$libshutdown$$00000002  c_p.l(libshutdown2.o)
    0x0800015e   0x0800015e   0x00000000   Code   RO         1150    .ARM.Collect$$libshutdown$$00000004  c_p.l(libshutdown2.o)
    0x0800015e   0x0800015e   0x00000000   Code   RO         1153    .ARM.Collect$$libshutdown$$00000007  c_p.l(libshutdown2.o)
    0x0800015e   0x0800015e   0x00000000   Code   RO         1156    .ARM.Collect$$libshutdown$$0000000A  c_p.l(libshutdown2.o)
    0x0800015e   0x0800015e   0x00000000   Code   RO         1158    .ARM.Collect$$libshutdown$$0000000C  c_p.l(libshutdown2.o)
    0x0800015e   0x0800015e   0x00000000   Code   RO         1161    .ARM.Collect$$libshutdown$$0000000F  c_p.l(libshutdown2.o)
    0x0800015e   0x0800015e   0x00000002   Code   RO         1162    .ARM.Collect$$libshutdown$$00000010  c_p.l(libshutdown2.o)
    0x08000160   0x08000160   0x00000000   Code   RO          990    .ARM.Collect$$rtentry$$00000000  c_p.l(__rtentry.o)
    0x08000160   0x08000160   0x00000000   Code   RO          996    .ARM.Collect$$rtentry$$00000002  c_p.l(__rtentry2.o)
    0x08000160   0x08000160   0x00000006   Code   RO         1008    .ARM.Collect$$rtentry$$00000004  c_p.l(__rtentry4.o)
    0x08000166   0x08000166   0x00000000   Code   RO          998    .ARM.Collect$$rtentry$$00000009  c_p.l(__rtentry2.o)
    0x08000166   0x08000166   0x00000004   Code   RO          999    .ARM.Collect$$rtentry$$0000000A  c_p.l(__rtentry2.o)
    0x0800016a   0x0800016a   0x00000000   Code   RO         1001    .ARM.Collect$$rtentry$$0000000C  c_p.l(__rtentry2.o)
    0x0800016a   0x0800016a   0x00000008   Code   RO         1002    .ARM.Collect$$rtentry$$0000000D  c_p.l(__rtentry2.o)
    0x08000172   0x08000172   0x00000002   Code   RO         1031    .ARM.Collect$$rtexit$$00000000  c_p.l(rtexit.o)
    0x08000174   0x08000174   0x00000000   Code   RO         1091    .ARM.Collect$$rtexit$$00000002  c_p.l(rtexit2.o)
    0x08000174   0x08000174   0x00000004   Code   RO         1092    .ARM.Collect$$rtexit$$00000003  c_p.l(rtexit2.o)
    0x08000178   0x08000178   0x00000006   Code   RO         1093    .ARM.Collect$$rtexit$$00000004  c_p.l(rtexit2.o)
    0x0800017e   0x0800017e   0x00000002   PAD
    0x08000180   0x08000180   0x00000038   Code   RO            4    .text               startup_stm32c011xx.o
    0x080001b8   0x080001b8   0x00000040   Code   RO          976    .text               c_p.l(rt_memclr.o)
    0x080001f8   0x080001f8   0x00000006   Code   RO          986    .text               c_p.l(heapauxi.o)
    0x080001fe   0x080001fe   0x0000003e   Code   RO         1012    .text               c_p.l(sys_stackheap_outer.o)
    0x0800023c   0x0800023c   0x00000010   Code   RO         1015    .text               c_p.l(exit.o)
    0x0800024c   0x0800024c   0x00000008   Code   RO         1027    .text               c_p.l(libspace.o)
    0x08000254   0x08000254   0x0000000c   Code   RO         1086    .text               c_p.l(sys_exit.o)
    0x08000260   0x08000260   0x00000002   Code   RO         1109    .text               c_p.l(use_no_semi.o)
    0x08000262   0x08000262   0x00000000   Code   RO         1111    .text               c_p.l(indicate_semi.o)
    0x08000262   0x08000262   0x00000018   Code   RO           82    .text.EXTI4_15_IRQHandler  stm32c0xx_it.o
    0x0800027a   0x0800027a   0x00000004   Code   RO           56    .text.Error_Handler  main.o
    0x0800027e   0x0800027e   0x00000002   Code   RO          356    .text.HAL_GPIO_EXTI_Falling_Callback  stm32c0xx_hal_gpio.o
    0x08000280   0x08000280   0x00000028   Code   RO          352    .text.HAL_GPIO_EXTI_IRQHandler  stm32c0xx_hal_gpio.o
    0x080002a8   0x080002a8   0x00000002   Code   RO          354    .text.HAL_GPIO_EXTI_Rising_Callback  stm32c0xx_hal_gpio.o
    0x080002aa   0x080002aa   0x00000002   PAD
    0x080002ac   0x080002ac   0x0000019c   Code   RO          338    .text.HAL_GPIO_Init  stm32c0xx_hal_gpio.o
    0x08000448   0x08000448   0x00000010   Code   RO          344    .text.HAL_GPIO_WritePin  stm32c0xx_hal_gpio.o
    0x08000458   0x08000458   0x00000008   Code   RO          125    .text.HAL_GetTick   stm32c0xx_hal.o
    0x08000460   0x08000460   0x00000014   Code   RO          123    .text.HAL_IncTick   stm32c0xx_hal.o
    0x08000474   0x08000474   0x00000018   Code   RO          113    .text.HAL_Init      stm32c0xx_hal.o
    0x0800048c   0x0800048c   0x00000044   Code   RO          115    .text.HAL_InitTick  stm32c0xx_hal.o
    0x080004d0   0x080004d0   0x0000003c   Code   RO           93    .text.HAL_MspInit   stm32c0xx_hal_msp.o
    0x0800050c   0x0800050c   0x00000018   Code   RO          179    .text.HAL_NVIC_EnableIRQ  stm32c0xx_hal_cortex.o
    0x08000524   0x08000524   0x00000038   Code   RO          177    .text.HAL_NVIC_SetPriority  stm32c0xx_hal_cortex.o
    0x0800055c   0x0800055c   0x0000012c   Code   RO          257    .text.HAL_RCCEx_PeriphCLKConfig  stm32c0xx_hal_rcc_ex.o
    0x08000688   0x08000688   0x000001b0   Code   RO          223    .text.HAL_RCC_ClockConfig  stm32c0xx_hal_rcc.o
    0x08000838   0x08000838   0x00000258   Code   RO          221    .text.HAL_RCC_OscConfig  stm32c0xx_hal_rcc.o
    0x08000a90   0x08000a90   0x000000f8   Code   RO          504    .text.HAL_SPI_Init  stm32c0xx_hal_spi.o
    0x08000b88   0x08000b88   0x000000ac   Code   RO           95    .text.HAL_SPI_MspInit  stm32c0xx_hal_msp.o
    0x08000c34   0x08000c34   0x00000010   Code   RO          159    .text.HAL_SYSCFG_EnableRemap  stm32c0xx_hal.o
    0x08000c44   0x08000c44   0x00000034   Code   RO          185    .text.HAL_SYSTICK_Config  stm32c0xx_hal_cortex.o
    0x08000c78   0x08000c78   0x00000002   Code   RO          946    .text.HAL_TIMEx_Break2Callback  stm32c0xx_hal_tim_ex.o
    0x08000c7a   0x08000c7a   0x00000002   Code   RO          944    .text.HAL_TIMEx_BreakCallback  stm32c0xx_hal_tim_ex.o
    0x08000c7c   0x08000c7c   0x00000002   Code   RO          940    .text.HAL_TIMEx_CommutCallback  stm32c0xx_hal_tim_ex.o
    0x08000c7e   0x08000c7e   0x00000002   PAD
    0x08000c80   0x08000c80   0x000000bc   Code   RO          926    .text.HAL_TIMEx_ConfigBreakDeadTime  stm32c0xx_hal_tim_ex.o
    0x08000d3c   0x08000d3c   0x00000058   Code   RO          924    .text.HAL_TIMEx_MasterConfigSynchronization  stm32c0xx_hal_tim_ex.o
    0x08000d94   0x08000d94   0x000000c8   Code   RO          629    .text.HAL_TIM_Base_Init  stm32c0xx_hal_tim.o
    0x08000e5c   0x08000e5c   0x00000088   Code   RO           99    .text.HAL_TIM_Base_MspInit  stm32c0xx_hal_msp.o
    0x08000ee4   0x08000ee4   0x00000050   Code   RO          639    .text.HAL_TIM_Base_Start  stm32c0xx_hal_tim.o
    0x08000f34   0x08000f34   0x00000024   Code   RO          641    .text.HAL_TIM_Base_Stop  stm32c0xx_hal_tim.o
    0x08000f58   0x08000f58   0x0000003c   Code   RO          645    .text.HAL_TIM_Base_Stop_IT  stm32c0xx_hal_tim.o
    0x08000f94   0x08000f94   0x0000015c   Code   RO          809    .text.HAL_TIM_ConfigClockSource  stm32c0xx_hal_tim.o
    0x080010f0   0x080010f0   0x00000002   Code   RO          765    .text.HAL_TIM_IC_CaptureCallback  stm32c0xx_hal_tim.o
    0x080010f2   0x080010f2   0x00000002   PAD
    0x080010f4   0x080010f4   0x000001dc   Code   RO          763    .text.HAL_TIM_IRQHandler  stm32c0xx_hal_tim.o
    0x080012d0   0x080012d0   0x00000050   Code   RO          101    .text.HAL_TIM_MspPostInit  stm32c0xx_hal_msp.o
    0x08001320   0x08001320   0x00000002   Code   RO          767    .text.HAL_TIM_OC_DelayElapsedCallback  stm32c0xx_hal_tim.o
    0x08001322   0x08001322   0x00000002   PAD
    0x08001324   0x08001324   0x00000360   Code   RO          783    .text.HAL_TIM_PWM_ConfigChannel  stm32c0xx_hal_tim.o
    0x08001684   0x08001684   0x000000d8   Code   RO          683    .text.HAL_TIM_PWM_Init  stm32c0xx_hal_tim.o
    0x0800175c   0x0800175c   0x00000002   Code   RO          685    .text.HAL_TIM_PWM_MspInit  stm32c0xx_hal_tim.o
    0x0800175e   0x0800175e   0x00000002   Code   RO          769    .text.HAL_TIM_PWM_PulseFinishedCallback  stm32c0xx_hal_tim.o
    0x08001760   0x08001760   0x000000d4   Code   RO          691    .text.HAL_TIM_PWM_Start  stm32c0xx_hal_tim.o
    0x08001834   0x08001834   0x000000b0   Code   RO          693    .text.HAL_TIM_PWM_Stop  stm32c0xx_hal_tim.o
    0x080018e4   0x080018e4   0x00000034   Code   RO           31    .text.HAL_TIM_PeriodElapsedCallback  trapezoidal_control.o
    0x08001918   0x08001918   0x00000002   Code   RO          773    .text.HAL_TIM_TriggerCallback  stm32c0xx_hal_tim.o
    0x0800191a   0x0800191a   0x00000002   Code   RO           74    .text.HardFault_Handler  stm32c0xx_it.o
    0x0800191c   0x0800191c   0x00000002   Code   RO           72    .text.NMI_Handler   stm32c0xx_it.o
    0x0800191e   0x0800191e   0x00000002   Code   RO           78    .text.PendSV_Handler  stm32c0xx_it.o
    0x08001920   0x08001920   0x00000002   Code   RO           76    .text.SVC_Handler   stm32c0xx_it.o
    0x08001922   0x08001922   0x00000008   Code   RO           80    .text.SysTick_Handler  stm32c0xx_it.o
    0x0800192a   0x0800192a   0x00000002   PAD
    0x0800192c   0x0800192c   0x00000010   Code   RO          960    .text.SystemInit    system_stm32c0xx.o
    0x0800193c   0x0800193c   0x00000010   Code   RO           84    .text.TIM17_IRQHandler  stm32c0xx_it.o
    0x0800194c   0x0800194c   0x000001f4   Code   RO           25    .text.bldc_move     trapezoidal_control.o
    0x08001b40   0x08001b40   0x00000034   Code   RO           43    .text.delay_us      delay_us.o
    0x08001b74   0x08001b74   0x000002c8   Code   RO           52    .text.main          main.o
    0x08001e3c   0x08001e3c   0x000001f6   Code   RO          979    .text_divfast       c_p.l(aeabi_sdivfast.o)
    0x08002032   0x08002032   0x00000002   PAD
    0x08002034   0x08002034   0x00000040   Data   RO          965    .rodata.AHBPrescTable  system_stm32c0xx.o
    0x08002074   0x08002074   0x00000020   Data   RO         1164    Region$$Table       anon$$obj.o


    Execution Region RW_IRAM1 (Exec base: 0x20000000, Load base: 0x08002098, Size: 0x00000810, Max: 0x00001800, ABSOLUTE)

    Exec Addr    Load Addr    Size         Type   Attr      Idx    E Section Name        Object

    0x20000000   0x08002098   0x00000008   Data   RW          168    .data..L_MergedGlobals  stm32c0xx_hal.o
    0x20000008   0x080020a0   0x00000004   Data   RW          964    .data.SystemCoreClock  system_stm32c0xx.o
    0x2000000c   0x080020a4   0x00000004   PAD
    0x20000010        -       0x00000060   Zero   RW         1028    .bss                c_p.l(libspace.o)
    0x20000070        -       0x00000006   Zero   RW           34    .bss..L_MergedGlobals  trapezoidal_control.o
    0x20000076   0x080020a4   0x00000002   PAD
    0x20000078        -       0x00000064   Zero   RW           60    .bss.hspi1          main.o
    0x200000dc        -       0x0000004c   Zero   RW           58    .bss.htim1          main.o
    0x20000128        -       0x0000004c   Zero   RW           61    .bss.htim14         main.o
    0x20000174        -       0x0000004c   Zero   RW           59    .bss.htim16         main.o
    0x200001c0        -       0x0000004c   Zero   RW           62    .bss.htim17         main.o
    0x2000020c        -       0x00000004   Zero   RW          167    .bss.uwTick         stm32c0xx_hal.o
    0x20000210        -       0x00000200   Zero   RW            2    HEAP                startup_stm32c011xx.o
    0x20000410        -       0x00000400   Zero   RW            1    STACK               startup_stm32c011xx.o


==============================================================================

Image component sizes


      Code (inc. data)   RO Data    RW Data    ZI Data      Debug   Object Name

        52          0          0          0          0       1664   delay_us.o
       716         60          0          0        404      11748   main.o
        56         26        192          0       1536        676   startup_stm32c011xx.o
       136         12          0          8          4       6634   stm32c0xx_hal.o
       132         24          0          0          0       6860   stm32c0xx_hal_cortex.o
       472         28          0          0          0       5068   stm32c0xx_hal_gpio.o
       448         40          0          0          0       8720   stm32c0xx_hal_msp.o
      1032         44          0          0          0       7982   stm32c0xx_hal_rcc.o
       300          8          0          0          0       4888   stm32c0xx_hal_rcc_ex.o
       248          4          0          0          0      25829   stm32c0xx_hal_spi.o
      2678        140          0          0          0      70700   stm32c0xx_hal_tim.o
       282         32          0          0          0      27311   stm32c0xx_hal_tim_ex.o
        56          4          0          0          0       2034   stm32c0xx_it.o
        16          4         64          4          0       2043   system_stm32c0xx.o
       552         22          0          0          6       6835   trapezoidal_control.o

    ----------------------------------------------------------------------
      7186        448        288         12       1956     188992   Object Totals
         0          0         32          0          0          0   (incl. Generated)
        10          0          0          0          6          0   (incl. Padding)

    ----------------------------------------------------------------------

      Code (inc. data)   RO Data    RW Data    ZI Data      Debug   Library Member Name

         8          0          0          0          0         68   __main.o
         0          0          0          0          0          0   __rtentry.o
        12          0          0          0          0          0   __rtentry2.o
         6          0          0          0          0          0   __rtentry4.o
        86         10          0          0          0          0   __scatter.o
        26          0          0          0          0          0   __scatter_copy.o
        28          0          0          0          0          0   __scatter_zi.o
       502          0          0          0          0         92   aeabi_sdivfast.o
        16          0          0          0          0         68   exit.o
         6          0          0          0          0        136   heapauxi.o
         0          0          0          0          0          0   indicate_semi.o
         2          0          0          0          0          0   libinit.o
         2          0          0          0          0          0   libinit2.o
         2          0          0          0          0          0   libshutdown.o
         2          0          0          0          0          0   libshutdown2.o
         8          4          0          0         96         68   libspace.o
        64          0          0          0          0        108   rt_memclr.o
         2          0          0          0          0          0   rtexit.o
        10          0          0          0          0          0   rtexit2.o
        12          4          0          0          0         60   sys_exit.o
        62          0          0          0          0         80   sys_stackheap_outer.o
         2          0          0          0          0         68   use_no_semi.o

    ----------------------------------------------------------------------
       866         18          0          0         96        748   Library Totals
         8          0          0          0          0          0   (incl. Padding)

    ----------------------------------------------------------------------

      Code (inc. data)   RO Data    RW Data    ZI Data      Debug   Library Name

       858         18          0          0         96        748   c_p.l

    ----------------------------------------------------------------------
       866         18          0          0         96        748   Library Totals

    ----------------------------------------------------------------------

==============================================================================


      Code (inc. data)   RO Data    RW Data    ZI Data      Debug   

      8052        466        288         12       2052     189360   Grand Totals
      8052        466        288         12       2052     189360   ELF Image Totals
      8052        466        288         12          0          0   ROM Totals

==============================================================================

    Total RO  Size (Code + RO Data)                 8340 (   8.14kB)
    Total RW  Size (RW Data + ZI Data)              2064 (   2.02kB)
    Total ROM Size (Code + RO Data + RW Data)       8352 (   8.16kB)

==============================================================================

